Component: ARM Compiler 5.06 update 7 (build 960) Tool: armlink [4d3601]

==============================================================================

Section Cross References

    main.o(i.main) refers to start_task.o(i.System_Init) for System_Init
    main.o(i.main) refers to start_task.o(i.start_task_Create) for start_task_Create
    detect_task.o(i.DetectDisplay) refers to detect_task.o(.data) for last_num
    detect_task.o(i.DetectHook) refers to tasks.o(i.xTaskGetTickCount) for xTaskGetTickCount
    detect_task.o(i.DetectHook) refers to detect_task.o(.bss) for errorList
    detect_task.o(i.DetectInit) refers to memseta.o(.text) for __aeabi_memclr4
    detect_task.o(i.DetectInit) refers to memcpya.o(.text) for __aeabi_memcpy4
    detect_task.o(i.DetectInit) refers to detect_task.o(.constdata) for .constdata
    detect_task.o(i.DetectInit) refers to detect_task.o(.bss) for errorList
    detect_task.o(i.DetectInit) refers to remotecontrol.o(i.RC_data_is_error) for RC_data_is_error
    detect_task.o(i.DetectInit) refers to remotecontrol.o(i.slove_RC_lost) for slove_RC_lost
    detect_task.o(i.DetectInit) refers to remotecontrol.o(i.slove_data_error) for slove_data_error
    detect_task.o(i.DetectTask) refers to tasks.o(i.xTaskGetTickCount) for xTaskGetTickCount
    detect_task.o(i.DetectTask) refers to detect_task.o(i.DetectInit) for DetectInit
    detect_task.o(i.DetectTask) refers to tasks.o(i.vTaskDelay) for vTaskDelay
    detect_task.o(i.DetectTask) refers to detect_task.o(i.DetectDisplay) for DetectDisplay
    detect_task.o(i.DetectTask) refers to tasks.o(i.uxTaskGetStackHighWaterMark) for uxTaskGetStackHighWaterMark
    detect_task.o(i.DetectTask) refers to detect_task.o(.data) for systemTime
    detect_task.o(i.DetectTask) refers to detect_task.o(.bss) for errorList
    detect_task.o(i.getErrorListPoint) refers to detect_task.o(.bss) for errorList
    detect_task.o(i.toe_is_error) refers to detect_task.o(.bss) for errorList
    chassis_task.o(i.Chassis_Init) refers to remotecontrol.o(i.get_remote_control_point) for get_remote_control_point
    chassis_task.o(i.Chassis_Init) refers to pid.o(i.PID_Init) for PID_Init
    chassis_task.o(i.Chassis_Init) refers to can_receive.o(i.get_Chassis_Motor_Measure_Point) for get_Chassis_Motor_Measure_Point
    chassis_task.o(i.Chassis_Init) refers to chassis_task.o(.data) for chassis_power_spd_pid
    chassis_task.o(i.Chassis_Motor_Control) refers to can_receive.o(i.CAN1_CMD_CHASSIS) for CAN1_CMD_CHASSIS
    chassis_task.o(i.Chassis_Motor_Control) refers to chassis_task.o(i.mecanum_calc) for mecanum_calc
    chassis_task.o(i.Chassis_Motor_Control) refers to pid.o(i.PID_Calc) for PID_Calc
    chassis_task.o(i.Chassis_Motor_Control) refers to tasks.o(i.vTaskDelay) for vTaskDelay
    chassis_task.o(i.Chassis_Motor_Control) refers to chassis_task.o(.data) for i
    chassis_task.o(i.Chassis_fdb_set) refers to chassis_task.o(.data) for i
    chassis_task.o(i.Chassis_task) refers to chassis_task.o(i.Chassis_Init) for Chassis_Init
    chassis_task.o(i.Chassis_task) refers to chassis_task.o(i.Chassis_Mode_Set) for Chassis_Mode_Set
    chassis_task.o(i.Chassis_task) refers to chassis_task.o(i.Chassis_fdb_set) for Chassis_fdb_set
    chassis_task.o(i.Chassis_task) refers to chassis_task.o(i.Mecanum_ref_set) for Mecanum_ref_set
    chassis_task.o(i.Chassis_task) refers to chassis_task.o(i.Chassis_Motor_Control) for Chassis_Motor_Control
    chassis_task.o(i.Chassis_task) refers to pid.o(i.PID_Calc) for PID_Calc
    chassis_task.o(i.Chassis_task) refers to can_receive.o(i.CAN1_CMD_TOP) for CAN1_CMD_TOP
    chassis_task.o(i.Chassis_task) refers to tasks.o(i.vTaskDelay) for vTaskDelay
    chassis_task.o(i.Chassis_task) refers to chassis_task.o(.bss) for chassis_control
    chassis_task.o(i.Chassis_task) refers to control_task.o(.bss) for top_Control
    chassis_task.o(i.Mecanum_ref_set) refers to user_lib.o(i.fp32_deadline) for fp32_deadline
    chassis_task.o(i.Mecanum_ref_set) refers to user_lib.o(i.Constrain_float) for Constrain_float
    chassis_task.o(i.Mecanum_ref_set) refers to remotecontrol.o(.bss) for rc_ctrl
    chassis_task.o(i.mecanum_calc) refers to chassis_task.o(.data) for rotate_ratio_fr
    chassis_task.o(i.mecanum_calc) refers to chassis_task.o(.bss) for wheel_rpm
    chassis_task.o(i.task_Chsssis_Create) refers to tasks.o(i.xTaskCreate) for xTaskCreate
    chassis_task.o(i.task_Chsssis_Create) refers to chassis_task.o(.data) for ChassisTask_Handler
    chassis_task.o(i.task_Chsssis_Create) refers to chassis_task.o(i.Chassis_task) for Chassis_task
    start_task.o(i.System_Init) refers to delay.o(i.delay_init) for delay_init
    start_task.o(i.System_Init) refers to misc.o(i.NVIC_PriorityGroupConfig) for NVIC_PriorityGroupConfig
    start_task.o(i.System_Init) refers to remotecontrol.o(i.remote_control_init) for remote_control_init
[...]
    i.TIM7_BAS_Init                          0x080021e8   Section        0  time7.o(i.TIM7_BAS_Init)
    i.TIM7_IRQHandler                        0x08002240   Section        0  time7.o(i.TIM7_IRQHandler)
    i.TIM_ClearFlag                          0x0800226c   Section        0  stm32f4xx_tim.o(i.TIM_ClearFlag)
    i.TIM_ClearITPendingBit                  0x08002272   Section        0  stm32f4xx_tim.o(i.TIM_ClearITPendingBit)
    i.TIM_Cmd                                0x08002278   Section        0  stm32f4xx_tim.o(i.TIM_Cmd)
    i.TIM_GetITStatus                        0x08002290   Section        0  stm32f4xx_tim.o(i.TIM_GetITStatus)
    i.TIM_ITConfig                           0x080022b2   Section        0  stm32f4xx_tim.o(i.TIM_ITConfig)
    i.TIM_TimeBaseInit                       0x080022c4   Section        0  stm32f4xx_tim.o(i.TIM_TimeBaseInit)
    i.UART4_IRQHandler                       0x08002348   Section        0  remotecontrol.o(i.UART4_IRQHandler)
    i.USART1_IRQHandler                      0x08002450   Section        0  usart1.o(i.USART1_IRQHandler)
    i.USART6_IRQHandler                      0x08002498   Section        0  usart.o(i.USART6_IRQHandler)
    i.USART_ClearFlag                        0x080025b0   Section        0  stm32f4xx_usart.o(i.USART_ClearFlag)
    i.USART_ClearITPendingBit                0x080025c2   Section        0  stm32f4xx_usart.o(i.USART_ClearITPendingBit)
    i.USART_Cmd                              0x080025e0   Section        0  stm32f4xx_usart.o(i.USART_Cmd)
    i.USART_DMACmd                           0x080025f8   Section        0  stm32f4xx_usart.o(i.USART_DMACmd)
    i.USART_DeInit                           0x0800260c   Section        0  stm32f4xx_usart.o(i.USART_DeInit)
    i.USART_GetITStatus                      0x080026fc   Section        0  stm32f4xx_usart.o(i.USART_GetITStatus)
    i.USART_ITConfig                         0x08002750   Section        0  stm32f4xx_usart.o(i.USART_ITConfig)
    i.USART_Init                             0x0800279c   Section        0  stm32f4xx_usart.o(i.USART_Init)
    i.USART_ReceiveData                      0x08002870   Section        0  stm32f4xx_usart.o(i.USART_ReceiveData)
    i.UsageFault_Handler                     0x0800287a   Section        0  stm32f4xx_it.o(i.UsageFault_Handler)
    i.__0printf$3                            0x08002880   Section        0  printf3.o(i.__0printf$3)
    i.__scatterload_copy                     0x080028a0   Section       14  handlers.o(i.__scatterload_copy)
    i.__scatterload_null                     0x080028ae   Section        2  handlers.o(i.__scatterload_null)
    i.__scatterload_zeroinit                 0x080028b0   Section       14  handlers.o(i.__scatterload_zeroinit)
    i._printf_core                           0x080028c0   Section        0  printf3.o(i._printf_core)
    _printf_core                             0x080028c1   Thumb Code   436  printf3.o(i._printf_core)
    i.delay_init                             0x08002a78   Section        0  delay.o(i.delay_init)
    i.delay_ms                               0x08002abc   Section        0  delay.o(i.delay_ms)
    i.fp32_deadline                          0x08002b48   Section        0  user_lib.o(i.fp32_deadline)
    i.fputc                                  0x08002b6c   Section        0  sys.o(i.fputc)
    i.get_Chassis_Motor_Measure_Point        0x08002b88   Section        0  can_receive.o(i.get_Chassis_Motor_Measure_Point)
    i.get_Top_Motor_Measure_Point            0x08002b9c   Section        0  can_receive.o(i.get_Top_Motor_Measure_Point)
    i.get_remote_control_point               0x08002ba4   Section        0  remotecontrol.o(i.get_remote_control_point)
    i.main                                   0x08002bac   Section        0  main.o(i.main)
    i.mecanum_calc                           0x08002bb8   Section        0  chassis_task.o(i.mecanum_calc)
    mecanum_calc                             0x08002bb9   Thumb Code   248  chassis_task.o(i.mecanum_calc)
    i.prvAddCurrentTaskToDelayedList         0x08002cd4   Section        0  tasks.o(i.prvAddCurrentTaskToDelayedList)
    prvAddCurrentTaskToDelayedList           0x08002cd5   Thumb Code   124  tasks.o(i.prvAddCurrentTaskToDelayedList)
    i.prvAddNewTaskToReadyList               0x08002d6c   Section        0  tasks.o(i.prvAddNewTaskToReadyList)
    prvAddNewTaskToReadyList                 0x08002d6d   Thumb Code   156  tasks.o(i.prvAddNewTaskToReadyList)
    i.prvCheckForValidListAndQueue           0x08002e24   Section        0  timers.o(i.prvCheckForValidListAndQueue)
    prvCheckForValidListAndQueue             0x08002e25   Thumb Code    72  timers.o(i.prvCheckForValidListAndQueue)
    i.prvCheckTasksWaitingTermination        0x08002e88   Section        0  tasks.o(i.prvCheckTasksWaitingTermination)
    prvCheckTasksWaitingTermination          0x08002e89   Thumb Code    86  tasks.o(i.prvCheckTasksWaitingTermination)
    i.prvCopyDataFromQueue                   0x08002eec   Section        0  queue.o(i.prvCopyDataFromQueue)
    prvCopyDataFromQueue                     0x08002eed   Thumb Code    42  queue.o(i.prvCopyDataFromQueue)
    i.prvCopyDataToQueue                     0x08002f16   Section        0  queue.o(i.prvCopyDataToQueue)
    prvCopyDataToQueue                       0x08002f17   Thumb Code   124  queue.o(i.prvCopyDataToQueue)
    i.prvDeleteTCB                           0x08002f92   Section        0  tasks.o(i.prvDeleteTCB)
    prvDeleteTCB                             0x08002f93   Thumb Code    18  tasks.o(i.prvDeleteTCB)
    i.prvGetNextExpireTime                   0x08002fa4   Section        0  timers.o(i.prvGetNextExpireTime)
    prvGetNextExpireTime                     0x08002fa5   Thumb Code    36  timers.o(i.prvGetNextExpireTime)
    i.prvHeapInit                            0x08002fcc   Section        0  heap_4.o(i.prvHeapInit)
    prvHeapInit                              0x08002fcd   Thumb Code    98  heap_4.o(i.prvHeapInit)
    i.prvIdleTask                            0x08003048   Section        0  tasks.o(i.prvIdleTask)
    prvIdleTask                              0x08003049   Thumb Code    32  tasks.o(i.prvIdleTask)
    i.prvInitialiseNewQueue                  0x08003070   Section        0  queue.o(i.prvInitialiseNewQueue)
    prvInitialiseNewQueue                    0x08003071   Thumb Code    46  queue.o(i.prvInitialiseNewQueue)
    i.prvInitialiseNewTask                   0x080030a0   Section        0  tasks.o(i.prvInitialiseNewTask)
    prvInitialiseNewTask                     0x080030a1   Thumb Code   170  tasks.o(i.prvInitialiseNewTask)
    i.prvInitialiseTaskLists                 0x08003178   Section        0  tasks.o(i.prvInitialiseTaskLists)
    prvInitialiseTaskLists                   0x08003179   Thumb Code    70  tasks.o(i.prvInitialiseTaskLists)
    i.prvInsertBlockIntoFreeList             0x080031e0   Section        0  heap_4.o(i.prvInsertBlockIntoFreeList)
    prvInsertBlockIntoFreeList               0x080031e1   Thumb Code    96  heap_4.o(i.prvInsertBlockIntoFreeList)
    i.prvInsertTimerInActiveList             0x08003248   Section        0  timers.o(i.prvInsertTimerInActiveList)
    prvInsertTimerInActiveList               0x08003249   Thumb Code    80  timers.o(i.prvInsertTimerInActiveList)
    i.prvIsQueueEmpty                        0x080032a0   Section        0  queue.o(i.prvIsQueueEmpty)
    prvIsQueueEmpty                          0x080032a1   Thumb Code    26  queue.o(i.prvIsQueueEmpty)
    i.prvIsQueueFull                         0x080032ba   Section        0  queue.o(i.prvIsQueueFull)
    prvIsQueueFull                           0x080032bb   Thumb Code    30  queue.o(i.prvIsQueueFull)
    i.prvNotifyQueueSetContainer             0x080032d8   Section        0  queue.o(i.prvNotifyQueueSetContainer)
    prvNotifyQueueSetContainer               0x080032d9   Thumb Code   124  queue.o(i.prvNotifyQueueSetContainer)
    i.prvProcessExpiredTimer                 0x08003380   Section        0  timers.o(i.prvProcessExpiredTimer)
    prvProcessExpiredTimer                   0x08003381   Thumb Code    84  timers.o(i.prvProcessExpiredTimer)
    i.prvProcessReceivedCommands             0x08003404   Section        0  timers.o(i.prvProcessReceivedCommands)
    prvProcessReceivedCommands               0x08003405   Thumb Code   254  timers.o(i.prvProcessReceivedCommands)
    i.prvProcessTimerOrBlockTask             0x08003534   Section        0  timers.o(i.prvProcessTimerOrBlockTask)
    prvProcessTimerOrBlockTask               0x08003535   Thumb Code   102  timers.o(i.prvProcessTimerOrBlockTask)
    i.prvResetNextTaskUnblockTime            0x080035a8   Section        0  tasks.o(i.prvResetNextTaskUnblockTime)
    prvResetNextTaskUnblockTime              0x080035a9   Thumb Code    42  tasks.o(i.prvResetNextTaskUnblockTime)
    i.prvSampleTimeNow                       0x080035dc   Section        0  timers.o(i.prvSampleTimeNow)
    prvSampleTimeNow                         0x080035dd   Thumb Code    40  timers.o(i.prvSampleTimeNow)
    i.prvSwitchTimerLists                    0x08003608   Section        0  timers.o(i.prvSwitchTimerLists)
    prvSwitchTimerLists                      0x08003609   Thumb Code   140  timers.o(i.prvSwitchTimerLists)
    i.prvTaskExitError                       0x080036c8   Section        0  port.o(i.prvTaskExitError)
    prvTaskExitError                         0x080036c9   Thumb Code    50  port.o(i.prvTaskExitError)
    i.prvTimerTask                           0x08003744   Section        0  timers.o(i.prvTimerTask)
    prvTimerTask                             0x08003745   Thumb Code    26  timers.o(i.prvTimerTask)
    i.prvUnlockQueue                         0x0800375e   Section        0  queue.o(i.prvUnlockQueue)
    prvUnlockQueue                           0x0800375f   Thumb Code   146  queue.o(i.prvUnlockQueue)
    i.pvPortMalloc                           0x080037f0   Section        0  heap_4.o(i.pvPortMalloc)
    i.pvTaskIncrementMutexHeldCount          0x0800394c   Section        0  tasks.o(i.pvTaskIncrementMutexHeldCount)
    i.pxPortInitialiseStack                  0x0800396c   Section        0  port.o(i.pxPortInitialiseStack)
    i.remote_control_init                    0x08003998   Section        0  remotecontrol.o(i.remote_control_init)
    i.start_task                             0x080039ac   Section        0  start_task.o(i.start_task)
    i.start_task_Create                      0x080039d0   Section        0  start_task.o(i.start_task_Create)
    i.storeHouse_round                       0x08003a00   Section        0  control_task.o(i.storeHouse_round)
    storeHouse_round                         0x08003a01   Thumb Code    14  control_task.o(i.storeHouse_round)
    i.task_Chsssis_Create                    0x08003a14   Section        0  chassis_task.o(i.task_Chsssis_Create)
    i.task_control_Create                    0x08003a48   Section        0  control_task.o(i.task_control_Create)
    i.top_Allstop                            0x08003a7c   Section        0  control_task.o(i.top_Allstop)
    top_Allstop                              0x08003a7d   Thumb Code    78  control_task.o(i.top_Allstop)
    i.top_BehavState_Set                     0x08003ad0   Section        0  control_task.o(i.top_BehavState_Set)
    top_BehavState_Set                       0x08003ad1   Thumb Code   226  control_task.o(i.top_BehavState_Set)
    i.top_Init                               0x08003bb8   Section        0  control_task.o(i.top_Init)
    top_Init                                 0x08003bb9   Thumb Code   184  control_task.o(i.top_Init)
    i.top_ModeSet                            0x08003c8c   Section        0  control_task.o(i.top_ModeSet)
    top_ModeSet                              0x08003c8d   Thumb Code   112  control_task.o(i.top_ModeSet)
    i.top_Output                             0x08003cfc   Section        0  control_task.o(i.top_Output)
    top_Output                               0x08003cfd   Thumb Code    90  control_task.o(i.top_Output)
    i.top_conTinue_fir                       0x08003d58   Section        0  control_task.o(i.top_conTinue_fir)
    top_conTinue_fir                         0x08003d59   Thumb Code   148  control_task.o(i.top_conTinue_fir)
    i.top_conTinue_sec                       0x08003df4   Section        0  control_task.o(i.top_conTinue_sec)
    top_conTinue_sec                         0x08003df5   Thumb Code   176  control_task.o(i.top_conTinue_sec)
    i.top_move                               0x08003eac   Section        0  control_task.o(i.top_move)
    top_move                                 0x08003ead   Thumb Code    98  control_task.o(i.top_move)
    i.top_oneByone_fir                       0x08003f24   Section        0  control_task.o(i.top_oneByone_fir)
    top_oneByone_fir                         0x08003f25   Thumb Code   198  control_task.o(i.top_oneByone_fir)
    i.top_oneByone_sec                       0x08003ff4   Section        0  control_task.o(i.top_oneByone_sec)
    top_oneByone_sec                         0x08003ff5   Thumb Code   230  control_task.o(i.top_oneByone_sec)
    i.top_round1                             0x080040e4   Section        0  control_task.o(i.top_round1)
    top_round1                               0x080040e5   Thumb Code    52  control_task.o(i.top_round1)
    i.top_round2                             0x0800411c   Section        0  control_task.o(i.top_round2)
    top_round2                               0x0800411d   Thumb Code    58  control_task.o(i.top_round2)
    i.uxListRemove                           0x0800415c   Section        0  list.o(i.uxListRemove)
    i.vListInitialise                        0x08004184   Section        0  list.o(i.vListInitialise)
    i.vListInitialiseItem                    0x0800419e   Section        0  list.o(i.vListInitialiseItem)
    i.vListInsert                            0x080041a4   Section        0  list.o(i.vListInsert)
    i.vListInsertEnd                         0x080041d8   Section        0  list.o(i.vListInsertEnd)
    i.vPortEnterCritical                     0x080041f0   Section        0  port.o(i.vPortEnterCritical)
    i.vPortExitCritical                      0x08004280   Section        0  port.o(i.vPortExitCritical)
    i.vPortFree                              0x080042f8   Section        0  heap_4.o(i.vPortFree)
    i.vPortSetupTimerInterrupt               0x080043b8   Section        0  port.o(i.vPortSetupTimerInterrupt)
    i.vPortValidateInterruptPriority         0x080043d8   Section        0  port.o(i.vPortValidateInterruptPriority)
    i.vQueueAddToRegistry                    0x08004480   Section        0  queue.o(i.vQueueAddToRegistry)
    i.vQueueWaitForMessageRestricted         0x080044ac   Section        0  queue.o(i.vQueueWaitForMessageRestricted)
    i.vTaskDelay                             0x080044f8   Section        0  tasks.o(i.vTaskDelay)
    i.vTaskDelete                            0x08004574   Section        0  tasks.o(i.vTaskDelete)
    i.vTaskMissedYield                       0x08004688   Section        0  tasks.o(i.vTaskMissedYield)
    i.vTaskPlaceOnEventList                  0x08004694   Section        0  tasks.o(i.vTaskPlaceOnEventList)
    i.vTaskPlaceOnEventListRestricted        0x080046f0   Section        0  tasks.o(i.vTaskPlaceOnEventListRestricted)
    i.vTaskPriorityInherit                   0x08004754   Section        0  tasks.o(i.vTaskPriorityInherit)
    i.vTaskSetTimeOutState                   0x08004804   Section        0  tasks.o(i.vTaskSetTimeOutState)
    i.vTaskStartScheduler                    0x08004858   Section        0  tasks.o(i.vTaskStartScheduler)
    i.vTaskSuspendAll                        0x0800490c   Section        0  tasks.o(i.vTaskSuspendAll)
    i.vTaskSwitchContext                     0x0800491c   Section        0  tasks.o(i.vTaskSwitchContext)
    i.xPortStartScheduler                    0x080049cc   Section        0  port.o(i.xPortStartScheduler)
    i.xPortSysTickHandler                    0x08004b30   Section        0  port.o(i.xPortSysTickHandler)
    i.xQueueGenericCreate                    0x08004b64   Section        0  queue.o(i.xQueueGenericCreate)
    i.xQueueGenericReceive                   0x08004be0   Section        0  queue.o(i.xQueueGenericReceive)
    i.xQueueGenericReset                     0x08004db0   Section        0  queue.o(i.xQueueGenericReset)
    i.xQueueGenericSend                      0x08004e68   Section        0  queue.o(i.xQueueGenericSend)
    i.xQueueGenericSendFromISR               0x08005034   Section        0  queue.o(i.xQueueGenericSendFromISR)
    i.xTaskCheckForTimeOut                   0x0800514c   Section        0  tasks.o(i.xTaskCheckForTimeOut)
    i.xTaskCreate                            0x080051f4   Section        0  tasks.o(i.xTaskCreate)
    i.xTaskGetSchedulerState                 0x08005254   Section        0  tasks.o(i.xTaskGetSchedulerState)
    i.xTaskGetTickCount                      0x08005274   Section        0  tasks.o(i.xTaskGetTickCount)
    i.xTaskIncrementTick                     0x08005280   Section        0  tasks.o(i.xTaskIncrementTick)
    i.xTaskPriorityDisinherit                0x080053e8   Section        0  tasks.o(i.xTaskPriorityDisinherit)
    i.xTaskRemoveFromEventList               0x080054c8   Section        0  tasks.o(i.xTaskRemoveFromEventList)
    i.xTaskResumeAll                         0x08005584   Section        0  tasks.o(i.xTaskResumeAll)
    i.xTimerCreateTimerTask                  0x080056ac   Section        0  timers.o(i.xTimerCreateTimerTask)
    i.xTimerGenericCommand                   0x08005724   Section        0  timers.o(i.xTimerGenericCommand)
    .data                                    0x20000000   Section       44  chassis_task.o(.data)
    i                                        0x20000010   Data           2  chassis_task.o(.data)
    i                                        0x20000012   Data           2  chassis_task.o(.data)
    i                                        0x20000014   Data           2  chassis_task.o(.data)
    rotate_ratio_fr                          0x20000018   Data           4  chassis_task.o(.data)
    rotate_ratio_fl                          0x2000001c   Data           4  chassis_task.o(.data)
    rotate_ratio_bl                          0x20000020   Data           4  chassis_task.o(.data)
    rotate_ratio_br                          0x20000024   Data           4  chassis_task.o(.data)
    wheel_rpm_ratio                          0x20000028   Data           4  chassis_task.o(.data)
    .data                                    0x2000002c   Section        4  start_task.o(.data)
    .data                                    0x20000030   Section       50  control_task.o(.data)
    i                                        0x20000058   Data           2  control_task.o(.data)
    flag                                     0x2000005a   Data           2  control_task.o(.data)
    flag                                     0x2000005c   Data           2  control_task.o(.data)
    flag                                     0x2000005e   Data           2  control_task.o(.data)
    flag                                     0x20000060   Data           2  control_task.o(.data)
    .data                                    0x20000062   Section       18  remotecontrol.o(.data)
    this_time_rx_len                         0x20000072   Data           2  remotecontrol.o(.data)
    .data                                    0x20000074   Section        1  can_receive.o(.data)
    i                                        0x20000074   Data           1  can_receive.o(.data)
    .data                                    0x20000078   Section       12  usart.o(.data)
    this_time_rx_len                         0x20000080   Data           4  usart.o(.data)
    .data                                    0x20000084   Section        8  usart1.o(.data)
    .data                                    0x2000008c   Section        4  time7.o(.data)
    .data                                    0x20000090   Section        4  sys.o(.data)
    .data                                    0x20000094   Section        8  delay.o(.data)
    fac_us                                   0x20000094   Data           1  delay.o(.data)
    fac_ms                                   0x20000098   Data           4  delay.o(.data)
    .data                                    0x2000009c   Section       20  system_stm32f4xx.o(.data)
    .data                                    0x200000b0   Section       16  stm32f4xx_rcc.o(.data)
    APBAHBPrescTable                         0x200000b0   Data          16  stm32f4xx_rcc.o(.data)
    .data                                    0x200000c0   Section       60  tasks.o(.data)
    pxDelayedTaskList                        0x200000c4   Data           4  tasks.o(.data)
    pxOverflowDelayedTaskList                0x200000c8   Data           4  tasks.o(.data)
    uxDeletedTasksWaitingCleanUp             0x200000cc   Data           4  tasks.o(.data)
    uxCurrentNumberOfTasks                   0x200000d0   Data           4  tasks.o(.data)
    xTickCount                               0x200000d4   Data           4  tasks.o(.data)
    uxTopReadyPriority                       0x200000d8   Data           4  tasks.o(.data)
    xSchedulerRunning                        0x200000dc   Data           4  tasks.o(.data)
    uxPendedTicks                            0x200000e0   Data           4  tasks.o(.data)
    xYieldPending                            0x200000e4   Data           4  tasks.o(.data)
    xNumOfOverflows                          0x200000e8   Data           4  tasks.o(.data)
    uxTaskNumber                             0x200000ec   Data           4  tasks.o(.data)
    xNextTaskUnblockTime                     0x200000f0   Data           4  tasks.o(.data)
    xIdleTaskHandle                          0x200000f4   Data           4  tasks.o(.data)
    uxSchedulerSuspended                     0x200000f8   Data           4  tasks.o(.data)
    .data                                    0x200000fc   Section       20  timers.o(.data)
    pxCurrentTimerList                       0x200000fc   Data           4  timers.o(.data)
    pxOverflowTimerList                      0x20000100   Data           4  timers.o(.data)
    xTimerQueue                              0x20000104   Data           4  timers.o(.data)
    xTimerTaskHandle                         0x20000108   Data           4  timers.o(.data)
    xLastTime                                0x2000010c   Data           4  timers.o(.data)
    .data                                    0x20000110   Section       12  port.o(.data)
    uxCriticalNesting                        0x20000110   Data           4  port.o(.data)
    ucMaxSysCallPriority                     0x20000114   Data           1  port.o(.data)
    ulMaxPRIGROUPValue                       0x20000118   Data           4  port.o(.data)
    .data                                    0x2000011c   Section       24  heap_4.o(.data)
    xStart                                   0x2000011c   Data           8  heap_4.o(.data)
    pxEnd                                    0x20000124   Data           4  heap_4.o(.data)
    xFreeBytesRemaining                      0x20000128   Data           4  heap_4.o(.data)
    xMinimumEverFreeBytesRemaining           0x2000012c   Data           4  heap_4.o(.data)
    xBlockAllocatedBit                       0x20000130   Data           4  heap_4.o(.data)
    .bss                                     0x20000134   Section      468  detect_task.o(.bss)
    errorList                                0x20000134   Data         468  detect_task.o(.bss)
    .bss                                     0x20000308   Section      460  chassis_task.o(.bss)
    wheel_rpm                                0x200004c4   Data          16  chassis_task.o(.bss)
    .bss                                     0x200004d4   Section      192  control_task.o(.bss)
    .bss                                     0x20000594   Section       94  remotecontrol.o(.bss)
    SBUS_rx_buf                              0x20000594   Data          72  remotecontrol.o(.bss)
    .bss                                     0x200005f4   Section      180  can_receive.o(.bss)
    rx1_message                              0x20000680   Data          20  can_receive.o(.bss)
    rx2_message                              0x20000694   Data          20  can_receive.o(.bss)
    .bss                                     0x200006a8   Section       50  usart.o(.bss)
    _USART6_DMA_RX_BUF                       0x200006b2   Data          40  usart.o(.bss)
    .bss                                     0x200006dc   Section       64  queue.o(.bss)
    .bss                                     0x2000071c   Section      740  tasks.o(.bss)
    pxReadyTasksLists                        0x2000071c   Data         640  tasks.o(.bss)
    xDelayedTaskList1                        0x2000099c   Data          20  tasks.o(.bss)
    xDelayedTaskList2                        0x200009b0   Data          20  tasks.o(.bss)
    xPendingReadyList                        0x200009c4   Data          20  tasks.o(.bss)
    xTasksWaitingTermination                 0x200009d8   Data          20  tasks.o(.bss)
    xSuspendedTaskList                       0x200009ec   Data          20  tasks.o(.bss)
    .bss                                     0x20000a00   Section       40  timers.o(.bss)
    xActiveTimerList1                        0x20000a00   Data          20  timers.o(.bss)
    xActiveTimerList2                        0x20000a14   Data          20  timers.o(.bss)
    .bss                                     0x20000a28   Section    20480  heap_4.o(.bss)
    ucHeap                                   0x20000a28   Data       20480  heap_4.o(.bss)
    STACK                                    0x20005a28   Section     1024  startup_stm32f40_41xxx.o(STACK)

    Global Symbols

    Symbol Name                              Value     Ov Type        Size  Object(Section)

    BuildAttributes$$THM_ISAv4$E$P$D$K$B$S$7EM$VFPi3$EXTD16$VFPS$VFMA$PE$A:L22UL41UL21$X:L11$S22US41US21$IEEE1$IW$USESV6$~STKCKD$USESV7$~SHL$OTIME$ROPI$IEEEX$EBA8$MICROLIB$REQ8$PRES8$EABIv2 0x00000000   Number         0  anon$$obj.o ABSOLUTE
    __ARM_use_no_argv                        0x00000000   Number         0  main.o ABSOLUTE
    __use_no_errno                           0x00000000   Number         0  useno.o ABSOLUTE
    __use_no_exception_handling              0x00000000   Number         0  useno.o ABSOLUTE
    __use_no_fp                              0x00000000   Number         0  useno.o ABSOLUTE
    __use_no_heap                            0x00000000   Number         0  useno.o ABSOLUTE
    __use_no_heap_region                     0x00000000   Number         0  useno.o ABSOLUTE
    __use_no_semihosting                     0x00000000   Number         0  useno.o ABSOLUTE
    __use_no_semihosting_swi                 0x00000000   Number         0  useno.o ABSOLUTE
    __use_no_signal_handling                 0x00000000   Number         0  useno.o ABSOLUTE
    _printf_a                                0x00000000   Number         0  stubs.o ABSOLUTE
    _printf_c                                0x00000000   Number         0  stubs.o ABSOLUTE
    _printf_charcount                        0x00000000   Number         0  stubs.o ABSOLUTE
    _printf_d                                0x00000000   Number         0  stubs.o ABSOLUTE
    _printf_e                                0x00000000   Number         0  stubs.o ABSOLUTE
    _printf_f                                0x00000000   Number         0  stubs.o ABSOLUTE
    _printf_flags                            0x00000000   Number         0  stubs.o ABSOLUTE
    _printf_fp_dec                           0x00000000   Number         0  stubs.o ABSOLUTE
    _printf_fp_hex                           0x00000000   Number         0  stubs.o ABSOLUTE
    _printf_g                                0x00000000   Number         0  stubs.o ABSOLUTE
    _printf_i                                0x00000000   Number         0  stubs.o ABSOLUTE
    _printf_int_dec                          0x00000000   Number         0  stubs.o ABSOLUTE
    _printf_l                                0x00000000   Number         0  stubs.o ABSOLUTE
    _printf_lc                               0x00000000   Number         0  stubs.o ABSOLUTE
    _printf_ll                               0x00000000   Number         0  stubs.o ABSOLUTE
    _printf_lld                              0x00000000   Number         0  stubs.o ABSOLUTE
    _printf_lli                              0x00000000   Number         0  stubs.o ABSOLUTE
    _printf_llo                              0x00000000   Number         0  stubs.o ABSOLUTE
    _printf_llu                              0x00000000   Number         0  stubs.o ABSOLUTE
    _printf_llx                              0x00000000   Number         0  stubs.o ABSOLUTE
    _printf_longlong_dec                     0x00000000   Number         0  stubs.o ABSOLUTE
    _printf_longlong_hex                     0x00000000   Number         0  stubs.o ABSOLUTE
    _printf_longlong_oct                     0x00000000   Number         0  stubs.o ABSOLUTE
    _printf_ls                               0x00000000   Number         0  stubs.o ABSOLUTE
    _printf_mbtowc                           0x00000000   Number         0  stubs.o ABSOLUTE
    _printf_n                                0x00000000   Number         0  stubs.o ABSOLUTE
    _printf_o                                0x00000000   Number         0  stubs.o ABSOLUTE
    _printf_p                                0x00000000   Number         0  stubs.o ABSOLUTE
    _printf_percent                          0x00000000   Number         0  stubs.o ABSOLUTE
    _printf_pre_padding                      0x00000000   Number         0  stubs.o ABSOLUTE
    _printf_return_value                     0x00000000   Number         0  stubs.o ABSOLUTE
    _printf_s                                0x00000000   Number         0  stubs.o ABSOLUTE
    _printf_sizespec                         0x00000000   Number         0  stubs.o ABSOLUTE
    _printf_str                              0x00000000   Number         0  stubs.o ABSOLUTE
    _printf_truncate_signed                  0x00000000   Number         0  stubs.o ABSOLUTE
    _printf_truncate_unsigned                0x00000000   Number         0  stubs.o ABSOLUTE
    _printf_u                                0x00000000   Number         0  stubs.o ABSOLUTE
    _printf_wc                               0x00000000   Number         0  stubs.o ABSOLUTE
    _printf_wctomb                           0x00000000   Number         0  stubs.o ABSOLUTE
    _printf_widthprec                        0x00000000   Number         0  stubs.o ABSOLUTE
    _printf_x                                0x00000000   Number         0  stubs.o ABSOLUTE
    __arm_fini_                               - Undefined Weak Reference
    __cpp_initialize__aeabi_                  - Undefined Weak Reference
    __cxa_finalize                            - Undefined Weak Reference
    _clock_init                               - Undefined Weak Reference
    _microlib_exit                            - Undefined Weak Reference
    __Vectors_Size                           0x00000188   Number         0  startup_stm32f40_41xxx.o ABSOLUTE
    __Vectors                                0x08000000   Data           4  startup_stm32f40_41xxx.o(RESET)
    __Vectors_End                            0x08000188   Data           0  startup_stm32f40_41xxx.o(RESET)
    __main                                   0x08000189   Thumb Code     0  entry.o(.ARM.Collect$$$$00000000)
    _main_stk                                0x08000189   Thumb Code     0  entry2.o(.ARM.Collect$$$$00000001)
    _main_scatterload                        0x0800018d   Thumb Code     0  entry5.o(.ARM.Collect$$$$00000004)
    __main_after_scatterload                 0x08000191   Thumb Code     0  entry5.o(.ARM.Collect$$$$00000004)
    _main_clock                              0x08000191   Thumb Code     0  entry7b.o(.ARM.Collect$$$$00000008)
    _main_cpp_init                           0x08000191   Thumb Code     0  entry8b.o(.ARM.Collect$$$$0000000A)
    _main_init                               0x08000191   Thumb Code     0  entry9a.o(.ARM.Collect$$$$0000000B)
    __rt_lib_shutdown_fini                   0x08000199   Thumb Code     0  entry12b.o(.ARM.Collect$$$$0000000E)
    __rt_final_cpp                           0x0800019d   Thumb Code     0  entry10a.o(.ARM.Collect$$$$0000000F)
    __rt_final_exit                          0x0800019d   Thumb Code     0  entry11a.o(.ARM.Collect$$$$00000011)
    SVC_Handler                              0x080001a1   Thumb Code    28  port.o(.emb_text)
    __asm___6_port_c_39a90d8d__prvStartFirstTask 0x080001c1   Thumb Code    28  port.o(.emb_text)
    __asm___6_port_c_39a90d8d__prvEnableVFP  0x080001e1   Thumb Code    16  port.o(.emb_text)
    PendSV_Handler                           0x080001f5   Thumb Code    88  port.o(.emb_text)
    vPortGetIPSR                             0x08000251   Thumb Code     6  port.o(.emb_text)
    Reset_Handler                            0x08000259   Thumb Code     8  startup_stm32f40_41xxx.o(.text)
    ADC_IRQHandler                           0x08000273   Thumb Code     0  startup_stm32f40_41xxx.o(.text)
    CAN1_RX1_IRQHandler                      0x08000273   Thumb Code     0  startup_stm32f40_41xxx.o(.text)
    CAN1_SCE_IRQHandler                      0x08000273   Thumb Code     0  startup_stm32f40_41xxx.o(.text)
    CAN1_TX_IRQHandler                       0x08000273   Thumb Code     0  startup_stm32f40_41xxx.o(.text)
    CAN2_RX0_IRQHandler                      0x08000273   Thumb Code     0  startup_stm32f40_41xxx.o(.text)
    CAN2_SCE_IRQHandler                      0x08000273   Thumb Code     0  startup_stm32f40_41xxx.o(.text)
    CAN2_TX_IRQHandler                       0x08000273   Thumb Code     0  startup_stm32f40_41xxx.o(.text)
    CRYP_IRQHandler                          0x08000273   Thumb Code     0  startup_stm32f40_41xxx.o(.text)
    DCMI_IRQHandler                          0x08000273   Thumb Code     0  startup_stm32f40_41xxx.o(.text)
    DMA1_Stream0_IRQHandler                  0x08000273   Thumb Code     0  startup_stm32f40_41xxx.o(.text)
    DMA1_Stream1_IRQHandler                  0x08000273   Thumb Code     0  startup_stm32f40_41xxx.o(.text)
    DMA1_Stream2_IRQHandler                  0x08000273   Thumb Code     0  startup_stm32f40_41xxx.o(.text)
    DMA1_Stream3_IRQHandler                  0x08000273   Thumb Code     0  startup_stm32f40_41xxx.o(.text)
    DMA1_Stream4_IRQHandler                  0x08000273   Thumb Code     0  startup_stm32f40_41xxx.o(.text)
    DMA1_Stream5_IRQHandler                  0x08000273   Thumb Code     0  startup_stm32f40_41xxx.o(.text)
    DMA1_Stream6_IRQHandler                  0x08000273   Thumb Code     0  startup_stm32f40_41xxx.o(.text)
    DMA1_Stream7_IRQHandler                  0x08000273   Thumb Code     0  startup_stm32f40_41xxx.o(.text)
    DMA2_Stream0_IRQHandler                  0x08000273   Thumb Code     0  startup_stm32f40_41xxx.o(.text)
    DMA2_Stream1_IRQHandler                  0x08000273   Thumb Code     0  startup_stm32f40_41xxx.o(.text)
    DMA2_Stream2_IRQHandler                  0x08000273   Thumb Code     0  startup_stm32f40_41xxx.o(.text)
    DMA2_Stream3_IRQHandler                  0x08000273   Thumb Code     0  startup_stm32f40_41xxx.o(.text)
    DMA2_Stream4_IRQHandler                  0x08000273   Thumb Code     0  startup_stm32f40_41xxx.o(.text)
    DMA2_Stream5_IRQHandler                  0x08000273   Thumb Code     0  startup_stm32f40_41xxx.o(.text)
    DMA2_Stream6_IRQHandler                  0x08000273   Thumb Code     0  startup_stm32f40_41xxx.o(.text)
    DMA2_Stream7_IRQHandler                  0x08000273   Thumb Code     0  startup_stm32f40_41xxx.o(.text)
    ETH_IRQHandler                           0x08000273   Thumb Code     0  startup_stm32f40_41xxx.o(.text)
    ETH_WKUP_IRQHandler                      0x08000273   Thumb Code     0  startup_stm32f40_41xxx.o(.text)
    EXTI0_IRQHandler                         0x08000273   Thumb Code     0  startup_stm32f40_41xxx.o(.text)
    EXTI15_10_IRQHandler                     0x08000273   Thumb Code     0  startup_stm32f40_41xxx.o(.text)
    EXTI1_IRQHandler                         0x08000273   Thumb Code     0  startup_stm32f40_41xxx.o(.text)
    EXTI2_IRQHandler                         0x08000273   Thumb Code     0  startup_stm32f40_41xxx.o(.text)
    EXTI3_IRQHandler                         0x08000273   Thumb Code     0  startup_stm32f40_41xxx.o(.text)
    EXTI4_IRQHandler                         0x08000273   Thumb Code     0  startup_stm32f40_41xxx.o(.text)
    EXTI9_5_IRQHandler                       0x08000273   Thumb Code     0  startup_stm32f40_41xxx.o(.text)
    FLASH_IRQHandler                         0x08000273   Thumb Code     0  startup_stm32f40_41xxx.o(.text)
    FPU_IRQHandler                           0x08000273   Thumb Code     0  startup_stm32f40_41xxx.o(.text)
    FSMC_IRQHandler                          0x08000273   Thumb Code     0  startup_stm32f40_41xxx.o(.text)
    HASH_RNG_IRQHandler                      0x08000273   Thumb Code     0  startup_stm32f40_41xxx.o(.text)
    I2C1_ER_IRQHandler                       0x08000273   Thumb Code     0  startup_stm32f40_41xxx.o(.text)
    I2C1_EV_IRQHandler                       0x08000273   Thumb Code     0  startup_stm32f40_41xxx.o(.text)
    I2C2_ER_IRQHandler                       0x08000273   Thumb Code     0  startup_stm32f40_41xxx.o(.text)
    I2C2_EV_IRQHandler                       0x08000273   Thumb Code     0  startup_stm32f40_41xxx.o(.text)
    I2C3_ER_IRQHandler                       0x08000273   Thumb Code     0  startup_stm32f40_41xxx.o(.text)
    I2C3_EV_IRQHandler                       0x08000273   Thumb Code     0  startup_stm32f40_41xxx.o(.text)
    OTG_FS_IRQHandler                        0x08000273   Thumb Code     0  startup_stm32f40_41xxx.o(.text)
    OTG_FS_WKUP_IRQHandler                   0x08000273   Thumb Code     0  startup_stm32f40_41xxx.o(.text)
    OTG_HS_EP1_IN_IRQHandler                 0x08000273   Thumb Code     0  startup_stm32f40_41xxx.o(.text)
    OTG_HS_EP1_OUT_IRQHandler                0x08000273   Thumb Code     0  startup_stm32f40_41xxx.o(.text)
    OTG_HS_IRQHandler                        0x08000273   Thumb Code     0  startup_stm32f40_41xxx.o(.text)
    OTG_HS_WKUP_IRQHandler                   0x08000273   Thumb Code     0  startup_stm32f40_41xxx.o(.text)
    PVD_IRQHandler                           0x08000273   Thumb Code     0  startup_stm32f40_41xxx.o(.text)
    RCC_IRQHandler                           0x08000273   Thumb Code     0  startup_stm32f40_41xxx.o(.text)
    RTC_Alarm_IRQHandler                     0x08000273   Thumb Code     0  startup_stm32f40_41xxx.o(.text)
    RTC_WKUP_IRQHandler                      0x08000273   Thumb Code     0  startup_stm32f40_41xxx.o(.text)
    SDIO_IRQHandler                          0x08000273   Thumb Code     0  startup_stm32f40_41xxx.o(.text)
    SPI1_IRQHandler                          0x08000273   Thumb Code     0  startup_stm32f40_41xxx.o(.text)
    SPI2_IRQHandler                          0x08000273   Thumb Code     0  startup_stm32f40_41xxx.o(.text)
    SPI3_IRQHandler                          0x08000273   Thumb Code     0  startup_stm32f40_41xxx.o(.text)
    TAMP_STAMP_IRQHandler                    0x08000273   Thumb Code     0  startup_stm32f40_41xxx.o(.text)
    TIM1_BRK_TIM9_IRQHandler                 0x08000273   Thumb Code     0  startup_stm32f40_41xxx.o(.text)
    TIM1_CC_IRQHandler                       0x08000273   Thumb Code     0  startup_stm32f40_41xxx.o(.text)
    TIM1_TRG_COM_TIM11_IRQHandler            0x08000273   Thumb Code     0  startup_stm32f40_41xxx.o(.text)
    TIM1_UP_TIM10_IRQHandler                 0x08000273   Thumb Code     0  startup_stm32f40_41xxx.o(.text)
    TIM2_IRQHandler                          0x08000273   Thumb Code     0  startup_stm32f40_41xxx.o(.text)
    TIM3_IRQHandler                          0x08000273   Thumb Code     0  startup_stm32f40_41xxx.o(.text)
    TIM4_IRQHandler                          0x08000273   Thumb Code     0  startup_stm32f40_41xxx.o(.text)
    TIM5_IRQHandler                          0x08000273   Thumb Code     0  startup_stm32f40_41xxx.o(.text)
    TIM8_BRK_TIM12_IRQHandler                0x08000273   Thumb Code     0  startup_stm32f40_41xxx.o(.text)
    TIM8_CC_IRQHandler                       0x08000273   Thumb Code     0  startup_stm32f40_41xxx.o(.text)
    TIM8_TRG_COM_TIM14_IRQHandler            0x08000273   Thumb Code     0  startup_stm32f40_41xxx.o(.text)
    TIM8_UP_TIM13_IRQHandler                 0x08000273   Thumb Code     0  startup_stm32f40_41xxx.o(.text)
    UART5_IRQHandler                         0x08000273   Thumb Code     0  startup_stm32f40_41xxx.o(.text)
    USART2_IRQHandler                        0x08000273   Thumb Code     0  startup_stm32f40_41xxx.o(.text)
    USART3_IRQHandler                        0x08000273   Thumb Code     0  startup_stm32f40_41xxx.o(.text)
    WWDG_IRQHandler                          0x08000273   Thumb Code     0  startup_stm32f40_41xxx.o(.text)
    __aeabi_memcpy                           0x0800027d   Thumb Code    36  memcpya.o(.text)
    __aeabi_memcpy4                          0x0800027d   Thumb Code     0  memcpya.o(.text)
    __aeabi_memcpy8                          0x0800027d   Thumb Code     0  memcpya.o(.text)
    __aeabi_memset                           0x080002a1   Thumb Code    14  memseta.o(.text)
    __aeabi_memset4                          0x080002a1   Thumb Code     0  memseta.o(.text)
    __aeabi_memset8                          0x080002a1   Thumb Code     0  memseta.o(.text)
    __aeabi_memclr                           0x080002af   Thumb Code     4  memseta.o(.text)
    __aeabi_memclr4                          0x080002af   Thumb Code     0  memseta.o(.text)
    __aeabi_memclr8                          0x080002af   Thumb Code     0  memseta.o(.text)
    _memset$wrapper                          0x080002b3   Thumb Code    18  memseta.o(.text)
    __aeabi_uidiv                            0x080002c5   Thumb Code     0  uidiv.o(.text)
    __aeabi_uidivmod                         0x080002c5   Thumb Code    44  uidiv.o(.text)
    __scatterload                            0x080002f1   Thumb Code    28  init.o(.text)
    __scatterload_rt2                        0x080002f1   Thumb Code     0  init.o(.text)
    __decompress                             0x08000315   Thumb Code     0  __dczerorl2.o(.text)
    __decompress1                            0x08000315   Thumb Code    86  __dczerorl2.o(.text)
    BusFault_Handler                         0x0800036b   Thumb Code     4  stm32f4xx_it.o(i.BusFault_Handler)
    CAN1_CMD_CHASSIS                         0x08000371   Thumb Code    94  can_receive.o(i.CAN1_CMD_CHASSIS)
    CAN1_CMD_TOP                             0x080003d5   Thumb Code    76  can_receive.o(i.CAN1_CMD_TOP)
    CAN1_RX0_IRQHandler                      0x08000425   Thumb Code    38  can_receive.o(i.CAN1_RX0_IRQHandler)
    CAN1_mode_init                           0x08000455   Thumb Code   282  can.o(i.CAN1_mode_init)
    CAN2_RX1_IRQHandler                      0x08000579   Thumb Code    38  can_receive.o(i.CAN2_RX1_IRQHandler)
    CAN2_mode_init                           0x080005a9   Thumb Code   282  can.o(i.CAN2_mode_init)
    CAN_ClearITPendingBit                    0x080006d1   Thumb Code   162  stm32f4xx_can.o(i.CAN_ClearITPendingBit)
    CAN_FilterInit                           0x08000779   Thumb Code   258  stm32f4xx_can.o(i.CAN_FilterInit)
    CAN_GetITStatus                          0x08000881   Thumb Code   284  stm32f4xx_can.o(i.CAN_GetITStatus)
    CAN_ITConfig                             0x080009a1   Thumb Code    18  stm32f4xx_can.o(i.CAN_ITConfig)
    CAN_Init                                 0x080009b3   Thumb Code   276  stm32f4xx_can.o(i.CAN_Init)
    CAN_Receive                              0x08000ac7   Thumb Code   240  stm32f4xx_can.o(i.CAN_Receive)
    CAN_Transmit                             0x08000bb7   Thumb Code   294  stm32f4xx_can.o(i.CAN_Transmit)
    Chassis_task                             0x080011cd   Thumb Code   138  chassis_task.o(i.Chassis_task)
    Constrain_float                          0x08001273   Thumb Code    42  user_lib.o(i.Constrain_float)
    Control_task                             0x0800129d   Thumb Code    34  control_task.o(i.Control_task)
    DMA_ClearFlag                            0x080012c5   Thumb Code    38  stm32f4xx_dma.o(i.DMA_ClearFlag)
    DMA_Cmd                                  0x080012f9   Thumb Code    22  stm32f4xx_dma.o(i.DMA_Cmd)
    DMA_DeInit                               0x08001311   Thumb Code   324  stm32f4xx_dma.o(i.DMA_DeInit)
    DMA_DoubleBufferModeCmd                  0x08001469   Thumb Code    22  stm32f4xx_dma.o(i.DMA_DoubleBufferModeCmd)
    DMA_DoubleBufferModeConfig               0x0800147f   Thumb Code    24  stm32f4xx_dma.o(i.DMA_DoubleBufferModeConfig)
    DMA_GetCurrDataCounter                   0x08001497   Thumb Code     8  stm32f4xx_dma.o(i.DMA_GetCurrDataCounter)
    DMA_GetCurrentMemoryTarget               0x0800149f   Thumb Code    20  stm32f4xx_dma.o(i.DMA_GetCurrentMemoryTarget)
    DMA_Init                                 0x080014b5   Thumb Code    82  stm32f4xx_dma.o(i.DMA_Init)
    DMA_SetCurrDataCounter                   0x0800150d   Thumb Code     4  stm32f4xx_dma.o(i.DMA_SetCurrDataCounter)
    DebugMon_Handler                         0x08001511   Thumb Code     2  stm32f4xx_it.o(i.DebugMon_Handler)
    DetectHook                               0x08001515   Thumb Code   288  detect_task.o(i.DetectHook)
    GPIO_Init                                0x08001639   Thumb Code   144  stm32f4xx_gpio.o(i.GPIO_Init)
    GPIO_Init_Configuration                  0x080016c9   Thumb Code    54  gpio.o(i.GPIO_Init_Configuration)
    GPIO_PinAFConfig                         0x08001705   Thumb Code    70  stm32f4xx_gpio.o(i.GPIO_PinAFConfig)
    GPIO_ResetBits                           0x0800174b   Thumb Code     4  stm32f4xx_gpio.o(i.GPIO_ResetBits)
    GPIO_SetBits                             0x0800174f   Thumb Code     4  stm32f4xx_gpio.o(i.GPIO_SetBits)
    GPIO_ToggleBits                          0x08001753   Thumb Code     8  stm32f4xx_gpio.o(i.GPIO_ToggleBits)
    HardFault_Handler                        0x0800175b   Thumb Code     4  stm32f4xx_it.o(i.HardFault_Handler)
    MemManage_Handler                        0x08001845   Thumb Code     4  stm32f4xx_it.o(i.MemManage_Handler)
    NMI_Handler                              0x08001849   Thumb Code     2  stm32f4xx_it.o(i.NMI_Handler)
    NVIC_Init                                0x0800184d   Thumb Code   106  misc.o(i.NVIC_Init)
    NVIC_PriorityGroupConfig                 0x080018c5   Thumb Code    10  misc.o(i.NVIC_PriorityGroupConfig)
    PID_Calc                                 0x080018d9   Thumb Code   492  pid.o(i.PID_Calc)
    PID_Init                                 0x08001ac9   Thumb Code    92  pid.o(i.PID_Init)
    PcDataCheck                              0x08001b29   Thumb Code    22  usart.o(i.PcDataCheck)
    RAMP_float                               0x08001b41   Thumb Code   102  user_lib.o(i.RAMP_float)
    RCC_AHB1PeriphClockCmd                   0x08001bad   Thumb Code    26  stm32f4xx_rcc.o(i.RCC_AHB1PeriphClockCmd)
    RCC_APB1PeriphClockCmd                   0x08001bcd   Thumb Code    26  stm32f4xx_rcc.o(i.RCC_APB1PeriphClockCmd)
    RCC_APB1PeriphResetCmd                   0x08001bed   Thumb Code    26  stm32f4xx_rcc.o(i.RCC_APB1PeriphResetCmd)
    RCC_APB2PeriphClockCmd                   0x08001c0d   Thumb Code    26  stm32f4xx_rcc.o(i.RCC_APB2PeriphClockCmd)
    RCC_APB2PeriphResetCmd                   0x08001c2d   Thumb Code    26  stm32f4xx_rcc.o(i.RCC_APB2PeriphResetCmd)
    RCC_GetClocksFreq                        0x08001c4d   Thumb Code   214  stm32f4xx_rcc.o(i.RCC_GetClocksFreq)
    RC_Init                                  0x08001d35   Thumb Code   306  rc.o(i.RC_Init)
    SysTick_CLKSourceConfig                  0x080020dd   Thumb Code    40  misc.o(i.SysTick_CLKSourceConfig)
    SysTick_Handler                          0x08002105   Thumb Code    16  delay.o(i.SysTick_Handler)
    SystemInit                               0x08002115   Thumb Code    88  system_stm32f4xx.o(i.SystemInit)
    System_Init                              0x0800217d   Thumb Code    72  start_task.o(i.System_Init)
    TIM6_DAC_IRQHandler                      0x080021c5   Thumb Code    30  can_receive.o(i.TIM6_DAC_IRQHandler)
    TIM7_BAS_Init                            0x080021e9   Thumb Code    84  time7.o(i.TIM7_BAS_Init)
    TIM7_IRQHandler                          0x08002241   Thumb Code    34  time7.o(i.TIM7_IRQHandler)
    TIM_ClearFlag                            0x0800226d   Thumb Code     6  stm32f4xx_tim.o(i.TIM_ClearFlag)
    TIM_ClearITPendingBit                    0x08002273   Thumb Code     6  stm32f4xx_tim.o(i.TIM_ClearITPendingBit)
    TIM_Cmd                                  0x08002279   Thumb Code    24  stm32f4xx_tim.o(i.TIM_Cmd)
    TIM_GetITStatus                          0x08002291   Thumb Code    34  stm32f4xx_tim.o(i.TIM_GetITStatus)
    TIM_ITConfig                             0x080022b3   Thumb Code    18  stm32f4xx_tim.o(i.TIM_ITConfig)
    TIM_TimeBaseInit                         0x080022c5   Thumb Code   104  stm32f4xx_tim.o(i.TIM_TimeBaseInit)
    UART4_IRQHandler                         0x08002349   Thumb Code   240  remotecontrol.o(i.UART4_IRQHandler)
    USART1_IRQHandler                        0x08002451   Thumb Code    64  usart1.o(i.USART1_IRQHandler)
    USART6_IRQHandler                        0x08002499   Thumb Code   262  usart.o(i.USART6_IRQHandler)
    USART_ClearFlag                          0x080025b1   Thumb Code    18  stm32f4xx_usart.o(i.USART_ClearFlag)
    USART_ClearITPendingBit                  0x080025c3   Thumb Code    30  stm32f4xx_usart.o(i.USART_ClearITPendingBit)
    USART_Cmd                                0x080025e1   Thumb Code    24  stm32f4xx_usart.o(i.USART_Cmd)
    USART_DMACmd                             0x080025f9   Thumb Code    18  stm32f4xx_usart.o(i.USART_DMACmd)
    USART_DeInit                             0x0800260d   Thumb Code   206  stm32f4xx_usart.o(i.USART_DeInit)
    USART_GetITStatus                        0x080026fd   Thumb Code    84  stm32f4xx_usart.o(i.USART_GetITStatus)
    USART_ITConfig                           0x08002751   Thumb Code    74  stm32f4xx_usart.o(i.USART_ITConfig)
    USART_Init                               0x0800279d   Thumb Code   204  stm32f4xx_usart.o(i.USART_Init)
    USART_ReceiveData                        0x08002871   Thumb Code    10  stm32f4xx_usart.o(i.USART_ReceiveData)
    UsageFault_Handler                       0x0800287b   Thumb Code     4  stm32f4xx_it.o(i.UsageFault_Handler)
    __0printf$3                              0x08002881   Thumb Code    22  printf3.o(i.__0printf$3)
    __1printf$3                              0x08002881   Thumb Code     0  printf3.o(i.__0printf$3)
    __2printf                                0x08002881   Thumb Code     0  printf3.o(i.__0printf$3)
    __scatterload_copy                       0x080028a1   Thumb Code    14  handlers.o(i.__scatterload_copy)
    __scatterload_null                       0x080028af   Thumb Code     2  handlers.o(i.__scatterload_null)
    __scatterload_zeroinit                   0x080028b1   Thumb Code    14  handlers.o(i.__scatterload_zeroinit)
    delay_init                               0x08002a79   Thumb Code    58  delay.o(i.delay_init)
    delay_ms                                 0x08002abd   Thumb Code   136  delay.o(i.delay_ms)
    fp32_deadline                            0x08002b49   Thumb Code    30  user_lib.o(i.fp32_deadline)
    fputc                                    0x08002b6d   Thumb Code    22  sys.o(i.fputc)
    get_Chassis_Motor_Measure_Point          0x08002b89   Thumb Code    14  can_receive.o(i.get_Chassis_Motor_Measure_Point)
    get_Top_Motor_Measure_Point              0x08002b9d   Thumb Code     4  can_receive.o(i.get_Top_Motor_Measure_Point)
    get_remote_control_point                 0x08002ba5   Thumb Code     4  remotecontrol.o(i.get_remote_control_point)
    main                                     0x08002bad   Thumb Code    12  main.o(i.main)
    pvPortMalloc                             0x080037f1   Thumb Code   262  heap_4.o(i.pvPortMalloc)
    pvTaskIncrementMutexHeldCount            0x0800394d   Thumb Code    26  tasks.o(i.pvTaskIncrementMutexHeldCount)
    pxPortInitialiseStack                    0x0800396d   Thumb Code    38  port.o(i.pxPortInitialiseStack)
    remote_control_init                      0x08003999   Thumb Code    16  remotecontrol.o(i.remote_control_init)
    start_task                               0x080039ad   Thumb Code    30  start_task.o(i.start_task)
    start_task_Create                        0x080039d1   Thumb Code    28  start_task.o(i.start_task_Create)
    task_Chsssis_Create                      0x08003a15   Thumb Code    26  chassis_task.o(i.task_Chsssis_Create)
    task_control_Create                      0x08003a49   Thumb Code    26  control_task.o(i.task_control_Create)
    uxListRemove                             0x0800415d   Thumb Code    40  list.o(i.uxListRemove)
    vListInitialise                          0x08004185   Thumb Code    26  list.o(i.vListInitialise)
    vListInitialiseItem                      0x0800419f   Thumb Code     6  list.o(i.vListInitialiseItem)
    vListInsert                              0x080041a5   Thumb Code    52  list.o(i.vListInsert)
    vListInsertEnd                           0x080041d9   Thumb Code    24  list.o(i.vListInsertEnd)
    vPortEnterCritical                       0x080041f1   Thumb Code    68  port.o(i.vPortEnterCritical)
    vPortExitCritical                        0x08004281   Thumb Code    48  port.o(i.vPortExitCritical)
    vPortFree                                0x080042f9   Thumb Code   120  heap_4.o(i.vPortFree)
    vPortSetupTimerInterrupt                 0x080043b9   Thumb Code    26  port.o(i.vPortSetupTimerInterrupt)
    vPortValidateInterruptPriority           0x080043d9   Thumb Code    86  port.o(i.vPortValidateInterruptPriority)
    vQueueAddToRegistry                      0x08004481   Thumb Code    38  queue.o(i.vQueueAddToRegistry)
    vQueueWaitForMessageRestricted           0x080044ad   Thumb Code    74  queue.o(i.vQueueWaitForMessageRestricted)
    vTaskDelay                               0x080044f9   Thumb Code    72  tasks.o(i.vTaskDelay)
    vTaskDelete                              0x08004575   Thumb Code   192  tasks.o(i.vTaskDelete)
    vTaskMissedYield                         0x08004689   Thumb Code     8  tasks.o(i.vTaskMissedYield)
    vTaskPlaceOnEventList                    0x08004695   Thumb Code    42  tasks.o(i.vTaskPlaceOnEventList)
    vTaskPlaceOnEventListRestricted          0x080046f1   Thumb Code    50  tasks.o(i.vTaskPlaceOnEventListRestricted)
    vTaskPriorityInherit                     0x08004755   Thumb Code   164  tasks.o(i.vTaskPriorityInherit)
    vTaskSetTimeOutState                     0x08004805   Thumb Code    32  tasks.o(i.vTaskSetTimeOutState)
    vTaskStartScheduler                      0x08004859   Thumb Code   108  tasks.o(i.vTaskStartScheduler)
    vTaskSuspendAll                          0x0800490d   Thumb Code    12  tasks.o(i.vTaskSuspendAll)
    vTaskSwitchContext                       0x0800491d   Thumb Code   110  tasks.o(i.vTaskSwitchContext)
    xPortStartScheduler                      0x080049cd   Thumb Code   258  port.o(i.xPortStartScheduler)
    xPortSysTickHandler                      0x08004b31   Thumb Code    46  port.o(i.xPortSysTickHandler)
    xQueueGenericCreate                      0x08004b65   Thumb Code    78  queue.o(i.xQueueGenericCreate)
    xQueueGenericReceive                     0x08004be1   Thumb Code   416  queue.o(i.xQueueGenericReceive)
    xQueueGenericReset                       0x08004db1   Thumb Code   136  queue.o(i.xQueueGenericReset)
    xQueueGenericSend                        0x08004e69   Thumb Code   412  queue.o(i.xQueueGenericSend)
    xQueueGenericSendFromISR                 0x08005035   Thumb Code   234  queue.o(i.xQueueGenericSendFromISR)
    xTaskCheckForTimeOut                     0x0800514d   Thumb Code   116  tasks.o(i.xTaskCheckForTimeOut)
    xTaskCreate                              0x080051f5   Thumb Code    96  tasks.o(i.xTaskCreate)
    xTaskGetSchedulerState                   0x08005255   Thumb Code    24  tasks.o(i.xTaskGetSchedulerState)
    xTaskGetTickCount                        0x08005275   Thumb Code     6  tasks.o(i.xTaskGetTickCount)
    xTaskIncrementTick                       0x08005281   Thumb Code   272  tasks.o(i.xTaskIncrementTick)
    xTaskPriorityDisinherit                  0x080053e9   Thumb Code   168  tasks.o(i.xTaskPriorityDisinherit)
    xTaskRemoveFromEventList                 0x080054c9   Thumb Code   118  tasks.o(i.xTaskRemoveFromEventList)
    xTaskResumeAll                           0x08005585   Thumb Code   214  tasks.o(i.xTaskResumeAll)
    xTimerCreateTimerTask                    0x080056ad   Thumb Code    56  timers.o(i.xTimerCreateTimerTask)
    xTimerGenericCommand                     0x08005725   Thumb Code   118  timers.o(i.xTimerGenericCommand)
    Region$$Table$$Base                      0x080057cc   Number         0  anon$$obj.o(Region$$Table)
    Region$$Table$$Limit                     0x080057ec   Number         0  anon$$obj.o(Region$$Table)
    ChassisTask_Handler                      0x20000000   Data           4  chassis_task.o(.data)
    chassis_power_spd_pid                    0x20000004   Data          12  chassis_task.o(.data)
    Start_Task_Handler                       0x2000002c   Data           4  start_task.o(.data)
    ControlTask_Handler                      0x20000030   Data           4  control_task.o(.data)
    top_spd_pid                              0x20000034   Data          12  control_task.o(.data)
    top_agl_pid                              0x20000040   Data          12  control_task.o(.data)
    topLocation                              0x2000004c   Data          12  control_task.o(.data)
    INPUTMOD                                 0x20000062   Data           1  remotecontrol.o(.data)
    Q_Flag                                   0x20000063   Data           1  remotecontrol.o(.data)
    E_Flag                                   0x20000064   Data           1  remotecontrol.o(.data)
    F_Flag                                   0x20000065   Data           1  remotecontrol.o(.data)
    G_Flag                                   0x20000066   Data           1  remotecontrol.o(.data)
    V_Flag                                   0x20000067   Data           1  remotecontrol.o(.data)
    R_Flag                                   0x20000068   Data           1  remotecontrol.o(.data)
    MOU_LEFT_F                               0x20000069   Data           1  remotecontrol.o(.data)
    MOU_RIGH_F                               0x2000006a   Data           1  remotecontrol.o(.data)
    W_Flag                                   0x2000006b   Data           1  remotecontrol.o(.data)
    A_Flag                                   0x2000006c   Data           1  remotecontrol.o(.data)
    S_Flag                                   0x2000006d   Data           1  remotecontrol.o(.data)
    D_Flag                                   0x2000006e   Data           1  remotecontrol.o(.data)
    Shift_Flag                               0x2000006f   Data           1  remotecontrol.o(.data)
    Ctrl_Flag                                0x20000070   Data           1  remotecontrol.o(.data)
    TxCOM6                                   0x20000078   Data           4  usart.o(.data)
    RxCOM6                                   0x2000007c   Data           4  usart.o(.data)
    TxCOM1                                   0x20000084   Data           4  usart1.o(.data)
    RxCOM1                                   0x20000088   Data           4  usart1.o(.data)
    time7_count                              0x2000008c   Data           4  time7.o(.data)
    __stdout                                 0x20000090   Data           4  sys.o(.data)
    SystemCoreClock                          0x2000009c   Data           4  system_stm32f4xx.o(.data)
    AHBPrescTable                            0x200000a0   Data          16  system_stm32f4xx.o(.data)
    pxCurrentTCB                             0x200000c0   Data           4  tasks.o(.data)
    chassis_control                          0x20000308   Data         444  chassis_task.o(.bss)
    top_Control                              0x200004d4   Data         192  control_task.o(.bss)
    rc_ctrl                                  0x200005dc   Data          22  remotecontrol.o(.bss)
    motor_chassis                            0x200005f4   Data         112  can_receive.o(.bss)
    motor_top                                0x20000664   Data          28  can_receive.o(.bss)
    fff                                      0x200006a8   Data          10  usart.o(.bss)
    xQueueRegistry                           0x200006dc   Data          64  queue.o(.bss)
    __initial_sp                             0x20005e28   Data           0  startup_stm32f40_41xxx.o(STACK)



==============================================================================

Memory Map of the image

  Image Entry point : 0x08000189

  Load Region LR_IROM1 (Base: 0x08000000, Size: 0x00005920, Max: 0x00080000, ABSOLUTE, COMPRESSED[0x0000581c])

    Execution Region ER_IROM1 (Exec base: 0x08000000, Load base: 0x08000000, Size: 0x000057ec, Max: 0x00080000, ABSOLUTE)

    Exec Addr    Load Addr    Size         Type   Attr      Idx    E Section Name        Object

    0x08000000   0x08000000   0x00000188   Data   RO         2094    RESET               startup_stm32f40_41xxx.o
    0x08000188   0x08000188   0x00000000   Code   RO         8914  * .ARM.Collect$$$$00000000  mc_w.l(entry.o)
    0x08000188   0x08000188   0x00000004   Code   RO         9255    .ARM.Collect$$$$00000001  mc_w.l(entry2.o)
    0x0800018c   0x0800018c   0x00000004   Code   RO         9258    .ARM.Collect$$$$00000004  mc_w.l(entry5.o)
    0x08000190   0x08000190   0x00000000   Code   RO         9260    .ARM.Collect$$$$00000008  mc_w.l(entry7b.o)
    0x08000190   0x08000190   0x00000000   Code   RO         9262    .ARM.Collect$$$$0000000A  mc_w.l(entry8b.o)
    0x08000190   0x08000190   0x00000008   Code   RO         9263    .ARM.Collect$$$$0000000B  mc_w.l(entry9a.o)
    0x08000198   0x08000198   0x00000004   Code   RO         9270    .ARM.Collect$$$$0000000E  mc_w.l(entry12b.o)
    0x0800019c   0x0800019c   0x00000000   Code   RO         9265    .ARM.Collect$$$$0000000F  mc_w.l(entry10a.o)
    0x0800019c   0x0800019c   0x00000000   Code   RO         9267    .ARM.Collect$$$$00000011  mc_w.l(entry11a.o)
    0x0800019c   0x0800019c   0x00000004   Code   RO         9256    .ARM.Collect$$$$00002712  mc_w.l(entry2.o)
    0x080001a0   0x080001a0   0x000000b6   Code   RO         8193    .emb_text           port.o
    0x08000256   0x08000256   0x00000002   PAD
    0x08000258   0x08000258   0x00000024   Code   RO         2095    .text               startup_stm32f40_41xxx.o
    0x0800027c   0x0800027c   0x00000024   Code   RO         8917    .text               mc_w.l(memcpya.o)
    0x080002a0   0x080002a0   0x00000024   Code   RO         8919    .text               mc_w.l(memseta.o)
    0x080002c4   0x080002c4   0x0000002c   Code   RO         9271    .text               mc_w.l(uidiv.o)
    0x080002f0   0x080002f0   0x00000024   Code   RO         9295    .text               mc_w.l(init.o)
    0x08000314   0x08000314   0x00000056   Code   RO         9309    .text               mc_w.l(__dczerorl2.o)
    0x0800036a   0x0800036a   0x00000004   Code   RO         2101    i.BusFault_Handler  stm32f4xx_it.o
    0x0800036e   0x0800036e   0x00000002   PAD
    0x08000370   0x08000370   0x00000064   Code   RO          875    i.CAN1_CMD_CHASSIS  can_receive.o
    0x080003d4   0x080003d4   0x00000050   Code   RO          876    i.CAN1_CMD_TOP      can_receive.o
    0x08000424   0x08000424   0x00000030   Code   RO          877    i.CAN1_RX0_IRQHandler  can_receive.o
    0x08000454   0x08000454   0x00000124   Code   RO          992    i.CAN1_mode_init    can.o
    0x08000578   0x08000578   0x00000030   Code   RO          878    i.CAN2_RX1_IRQHandler  can_receive.o
    0x080005a8   0x080005a8   0x00000128   Code   RO          993    i.CAN2_mode_init    can.o
    0x080006d0   0x080006d0   0x000000a8   Code   RO         2479    i.CAN_ClearITPendingBit  stm32f4xx_can.o
    0x08000778   0x08000778   0x00000108   Code   RO         2483    i.CAN_FilterInit    stm32f4xx_can.o
    0x08000880   0x08000880   0x00000120   Code   RO         2485    i.CAN_GetITStatus   stm32f4xx_can.o
    0x080009a0   0x080009a0   0x00000012   Code   RO         2489    i.CAN_ITConfig      stm32f4xx_can.o
    0x080009b2   0x080009b2   0x00000114   Code   RO         2490    i.CAN_Init          stm32f4xx_can.o
    0x08000ac6   0x08000ac6   0x000000f0   Code   RO         2493    i.CAN_Receive       stm32f4xx_can.o
    0x08000bb6   0x08000bb6   0x00000126   Code   RO         2498    i.CAN_Transmit      stm32f4xx_can.o
    0x08000cdc   0x08000cdc   0x000002a8   Code   RO          880    i.CAN_hook1         can_receive.o
    0x08000f84   0x08000f84   0x00000002   Code   RO          881    i.CAN_hook2         can_receive.o
    0x08000f86   0x08000f86   0x00000002   PAD
    0x08000f88   0x08000f88   0x000000a0   Code   RO          380    i.Chassis_Init      chassis_task.o
    0x08001028   0x08001028   0x0000001a   Code   RO          381    i.Chassis_Mode_Set  chassis_task.o
    0x08001042   0x08001042   0x00000002   PAD
    0x08001044   0x08001044   0x00000118   Code   RO          382    i.Chassis_Motor_Control  chassis_task.o
    0x0800115c   0x0800115c   0x00000070   Code   RO          383    i.Chassis_fdb_set   chassis_task.o
    0x080011cc   0x080011cc   0x00000094   Code   RO          384    i.Chassis_task      chassis_task.o
    0x08001260   0x08001260   0x00000012   Code   RO         2501    i.CheckITStatus     stm32f4xx_can.o
    0x08001272   0x08001272   0x0000002a   Code   RO         1274    i.Constrain_float   user_lib.o
    0x0800129c   0x0800129c   0x00000028   Code   RO          681    i.Control_task      control_task.o
    0x080012c4   0x080012c4   0x00000034   Code   RO         3212    i.DMA_ClearFlag     stm32f4xx_dma.o
    0x080012f8   0x080012f8   0x00000016   Code   RO         3214    i.DMA_Cmd           stm32f4xx_dma.o
    0x0800130e   0x0800130e   0x00000002   PAD
    0x08001310   0x08001310   0x00000158   Code   RO         3215    i.DMA_DeInit        stm32f4xx_dma.o
    0x08001468   0x08001468   0x00000016   Code   RO         3216    i.DMA_DoubleBufferModeCmd  stm32f4xx_dma.o
    0x0800147e   0x0800147e   0x00000018   Code   RO         3217    i.DMA_DoubleBufferModeConfig  stm32f4xx_dma.o
    0x08001496   0x08001496   0x00000008   Code   RO         3220    i.DMA_GetCurrDataCounter  stm32f4xx_dma.o
    0x0800149e   0x0800149e   0x00000014   Code   RO         3221    i.DMA_GetCurrentMemoryTarget  stm32f4xx_dma.o
    0x080014b2   0x080014b2   0x00000002   PAD
    0x080014b4   0x080014b4   0x00000058   Code   RO         3226    i.DMA_Init          stm32f4xx_dma.o
    0x0800150c   0x0800150c   0x00000004   Code   RO         3229    i.DMA_SetCurrDataCounter  stm32f4xx_dma.o
    0x08001510   0x08001510   0x00000002   Code   RO         2102    i.DebugMon_Handler  stm32f4xx_it.o
    0x08001512   0x08001512   0x00000002   PAD
    0x08001514   0x08001514   0x00000124   Code   RO          171    i.DetectHook        detect_task.o
    0x08001638   0x08001638   0x00000090   Code   RO         3851    i.GPIO_Init         stm32f4xx_gpio.o
    0x080016c8   0x080016c8   0x0000003c   Code   RO         1185    i.GPIO_Init_Configuration  gpio.o
    0x08001704   0x08001704   0x00000046   Code   RO         3852    i.GPIO_PinAFConfig  stm32f4xx_gpio.o
    0x0800174a   0x0800174a   0x00000004   Code   RO         3858    i.GPIO_ResetBits    stm32f4xx_gpio.o
    0x0800174e   0x0800174e   0x00000004   Code   RO         3859    i.GPIO_SetBits      stm32f4xx_gpio.o
    0x08001752   0x08001752   0x00000008   Code   RO         3861    i.GPIO_ToggleBits   stm32f4xx_gpio.o
    0x0800175a   0x0800175a   0x00000004   Code   RO         2103    i.HardFault_Handler  stm32f4xx_it.o
    0x0800175e   0x0800175e   0x00000002   PAD
    0x08001760   0x08001760   0x000000e4   Code   RO          385    i.Mecanum_ref_set   chassis_task.o
    0x08001844   0x08001844   0x00000004   Code   RO         2104    i.MemManage_Handler  stm32f4xx_it.o
    0x08001848   0x08001848   0x00000002   Code   RO         2105    i.NMI_Handler       stm32f4xx_it.o
    0x0800184a   0x0800184a   0x00000002   PAD
    0x0800184c   0x0800184c   0x00000078   Code   RO         2191    i.NVIC_Init         misc.o
    0x080018c4   0x080018c4   0x00000014   Code   RO         2192    i.NVIC_PriorityGroupConfig  misc.o
    0x080018d8   0x080018d8   0x000001f0   Code   RO         1237    i.PID_Calc          pid.o
    0x08001ac8   0x08001ac8   0x00000060   Code   RO         1238    i.PID_Init          pid.o
    0x08001b28   0x08001b28   0x00000016   Code   RO         1047    i.PcDataCheck       usart.o
    0x08001b3e   0x08001b3e   0x00000002   PAD
    0x08001b40   0x08001b40   0x0000006c   Code   RO         1278    i.RAMP_float        user_lib.o
    0x08001bac   0x08001bac   0x00000020   Code   RO         4737    i.RCC_AHB1PeriphClockCmd  stm32f4xx_rcc.o
    0x08001bcc   0x08001bcc   0x00000020   Code   RO         4746    i.RCC_APB1PeriphClockCmd  stm32f4xx_rcc.o
    0x08001bec   0x08001bec   0x00000020   Code   RO         4748    i.RCC_APB1PeriphResetCmd  stm32f4xx_rcc.o
    0x08001c0c   0x08001c0c   0x00000020   Code   RO         4749    i.RCC_APB2PeriphClockCmd  stm32f4xx_rcc.o
    0x08001c2c   0x08001c2c   0x00000020   Code   RO         4751    i.RCC_APB2PeriphResetCmd  stm32f4xx_rcc.o
    0x08001c4c   0x08001c4c   0x000000e8   Code   RO         4758    i.RCC_GetClocksFreq  stm32f4xx_rcc.o
    0x08001d34   0x08001d34   0x00000144   Code   RO          957    i.RC_Init           rc.o
    0x08001e78   0x08001e78   0x0000009c   Code   RO          780    i.RC_MODE_CONTROL   remotecontrol.o
    0x08001f14   0x08001f14   0x000000da   Code   RO          784    i.SBUS_TO_RC        remotecontrol.o
    0x08001fee   0x08001fee   0x00000002   PAD
    0x08001ff0   0x08001ff0   0x000000ec   Code   RO         2154    i.SetSysClock       system_stm32f4xx.o
    0x080020dc   0x080020dc   0x00000028   Code   RO         2195    i.SysTick_CLKSourceConfig  misc.o
    0x08002104   0x08002104   0x00000010   Code   RO         2054    i.SysTick_Handler   delay.o
    0x08002114   0x08002114   0x00000068   Code   RO         2156    i.SystemInit        system_stm32f4xx.o
    0x0800217c   0x0800217c   0x00000048   Code   RO          624    i.System_Init       start_task.o
    0x080021c4   0x080021c4   0x00000024   Code   RO          882    i.TIM6_DAC_IRQHandler  can_receive.o
    0x080021e8   0x080021e8   0x00000058   Code   RO         1205    i.TIM7_BAS_Init     time7.o
    0x08002240   0x08002240   0x0000002c   Code   RO         1206    i.TIM7_IRQHandler   time7.o
    0x0800226c   0x0800226c   0x00000006   Code   RO         6095    i.TIM_ClearFlag     stm32f4xx_tim.o
    0x08002272   0x08002272   0x00000006   Code   RO         6096    i.TIM_ClearITPendingBit  stm32f4xx_tim.o
    0x08002278   0x08002278   0x00000018   Code   RO         6101    i.TIM_Cmd           stm32f4xx_tim.o
    0x08002290   0x08002290   0x00000022   Code   RO         6122    i.TIM_GetITStatus   stm32f4xx_tim.o
    0x080022b2   0x080022b2   0x00000012   Code   RO         6126    i.TIM_ITConfig      stm32f4xx_tim.o
    0x080022c4   0x080022c4   0x00000084   Code   RO         6173    i.TIM_TimeBaseInit  stm32f4xx_tim.o
    0x08002348   0x08002348   0x00000108   Code   RO          785    i.UART4_IRQHandler  remotecontrol.o
    0x08002450   0x08002450   0x00000048   Code   RO         1135    i.USART1_IRQHandler  usart1.o
    0x08002498   0x08002498   0x00000118   Code   RO         1048    i.USART6_IRQHandler  usart.o
    0x080025b0   0x080025b0   0x00000012   Code   RO         6647    i.USART_ClearFlag   stm32f4xx_usart.o
    0x080025c2   0x080025c2   0x0000001e   Code   RO         6648    i.USART_ClearITPendingBit  stm32f4xx_usart.o
    0x080025e0   0x080025e0   0x00000018   Code   RO         6651    i.USART_Cmd         stm32f4xx_usart.o
    0x080025f8   0x080025f8   0x00000012   Code   RO         6652    i.USART_DMACmd      stm32f4xx_usart.o
    0x0800260a   0x0800260a   0x00000002   PAD
    0x0800260c   0x0800260c   0x000000f0   Code   RO         6653    i.USART_DeInit      stm32f4xx_usart.o
    0x080026fc   0x080026fc   0x00000054   Code   RO         6655    i.USART_GetITStatus  stm32f4xx_usart.o
    0x08002750   0x08002750   0x0000004a   Code   RO         6657    i.USART_ITConfig    stm32f4xx_usart.o
    0x0800279a   0x0800279a   0x00000002   PAD
    0x0800279c   0x0800279c   0x000000d4   Code   RO         6658    i.USART_Init        stm32f4xx_usart.o
    0x08002870   0x08002870   0x0000000a   Code   RO         6665    i.USART_ReceiveData  stm32f4xx_usart.o
    0x0800287a   0x0800287a   0x00000004   Code   RO         2106    i.UsageFault_Handler  stm32f4xx_it.o
    0x0800287e   0x0800287e   0x00000002   PAD
    0x08002880   0x08002880   0x00000020   Code   RO         9016    i.__0printf$3       mc_w.l(printf3.o)
    0x080028a0   0x080028a0   0x0000000e   Code   RO         9303    i.__scatterload_copy  mc_w.l(handlers.o)
    0x080028ae   0x080028ae   0x00000002   Code   RO         9304    i.__scatterload_null  mc_w.l(handlers.o)
    0x080028b0   0x080028b0   0x0000000e   Code   RO         9305    i.__scatterload_zeroinit  mc_w.l(handlers.o)
    0x080028be   0x080028be   0x00000002   PAD
    0x080028c0   0x080028c0   0x000001b8   Code   RO         9023    i._printf_core      mc_w.l(printf3.o)
    0x08002a78   0x08002a78   0x00000044   Code   RO         2055    i.delay_init        delay.o
    0x08002abc   0x08002abc   0x0000008c   Code   RO         2056    i.delay_ms          delay.o
    0x08002b48   0x08002b48   0x00000024   Code   RO         1283    i.fp32_deadline     user_lib.o
    0x08002b6c   0x08002b6c   0x0000001c   Code   RO         2019    i.fputc             sys.o
    0x08002b88   0x08002b88   0x00000014   Code   RO          883    i.get_Chassis_Motor_Measure_Point  can_receive.o
    0x08002b9c   0x08002b9c   0x00000008   Code   RO          884    i.get_Top_Motor_Measure_Point  can_receive.o
    0x08002ba4   0x08002ba4   0x00000008   Code   RO          786    i.get_remote_control_point  remotecontrol.o
    0x08002bac   0x08002bac   0x0000000c   Code   RO            3    i.main              main.o
    0x08002bb8   0x08002bb8   0x0000011c   Code   RO          386    i.mecanum_calc      chassis_task.o
    0x08002cd4   0x08002cd4   0x00000098   Code   RO         7316    i.prvAddCurrentTaskToDelayedList  tasks.o
    0x08002d6c   0x08002d6c   0x000000b8   Code   RO         7317    i.prvAddNewTaskToReadyList  tasks.o
    0x08002e24   0x08002e24   0x00000064   Code   RO         7690    i.prvCheckForValidListAndQueue  timers.o
    0x08002e88   0x08002e88   0x00000064   Code   RO         7318    i.prvCheckTasksWaitingTermination  tasks.o
    0x08002eec   0x08002eec   0x0000002a   Code   RO         7075    i.prvCopyDataFromQueue  queue.o
    0x08002f16   0x08002f16   0x0000007c   Code   RO         7076    i.prvCopyDataToQueue  queue.o
    0x08002f92   0x08002f92   0x00000012   Code   RO         7319    i.prvDeleteTCB      tasks.o
    0x08002fa4   0x08002fa4   0x00000028   Code   RO         7691    i.prvGetNextExpireTime  timers.o
    0x08002fcc   0x08002fcc   0x0000007c   Code   RO         8278    i.prvHeapInit       heap_4.o
    0x08003048   0x08003048   0x00000028   Code   RO         7320    i.prvIdleTask       tasks.o
    0x08003070   0x08003070   0x0000002e   Code   RO         7078    i.prvInitialiseNewQueue  queue.o
    0x0800309e   0x0800309e   0x00000002   PAD
    0x080030a0   0x080030a0   0x000000d8   Code   RO         7321    i.prvInitialiseNewTask  tasks.o
    0x08003178   0x08003178   0x00000068   Code   RO         7322    i.prvInitialiseTaskLists  tasks.o
    0x080031e0   0x080031e0   0x00000068   Code   RO         8279    i.prvInsertBlockIntoFreeList  heap_4.o
    0x08003248   0x08003248   0x00000058   Code   RO         7693    i.prvInsertTimerInActiveList  timers.o
    0x080032a0   0x080032a0   0x0000001a   Code   RO         7079    i.prvIsQueueEmpty   queue.o
    0x080032ba   0x080032ba   0x0000001e   Code   RO         7080    i.prvIsQueueFull    queue.o
    0x080032d8   0x080032d8   0x000000a8   Code   RO         7081    i.prvNotifyQueueSetContainer  queue.o
    0x08003380   0x08003380   0x00000084   Code   RO         7694    i.prvProcessExpiredTimer  timers.o
    0x08003404   0x08003404   0x00000130   Code   RO         7695    i.prvProcessReceivedCommands  timers.o
    0x08003534   0x08003534   0x00000074   Code   RO         7696    i.prvProcessTimerOrBlockTask  timers.o
    0x080035a8   0x080035a8   0x00000034   Code   RO         7324    i.prvResetNextTaskUnblockTime  tasks.o
    0x080035dc   0x080035dc   0x0000002c   Code   RO         7697    i.prvSampleTimeNow  timers.o
    0x08003608   0x08003608   0x000000c0   Code   RO         7698    i.prvSwitchTimerLists  timers.o
    0x080036c8   0x080036c8   0x0000007c   Code   RO         8194    i.prvTaskExitError  port.o
    0x08003744   0x08003744   0x0000001a   Code   RO         7699    i.prvTimerTask      timers.o
    0x0800375e   0x0800375e   0x00000092   Code   RO         7082    i.prvUnlockQueue    queue.o
    0x080037f0   0x080037f0   0x0000015c   Code   RO         8280    i.pvPortMalloc      heap_4.o
    0x0800394c   0x0800394c   0x00000020   Code   RO         7328    i.pvTaskIncrementMutexHeldCount  tasks.o
    0x0800396c   0x0800396c   0x0000002c   Code   RO         8195    i.pxPortInitialiseStack  port.o
    0x08003998   0x08003998   0x00000014   Code   RO          788    i.remote_control_init  remotecontrol.o
    0x080039ac   0x080039ac   0x00000024   Code   RO          625    i.start_task        start_task.o
    0x080039d0   0x080039d0   0x00000030   Code   RO          626    i.start_task_Create  start_task.o
    0x08003a00   0x08003a00   0x00000014   Code   RO          682    i.storeHouse_round  control_task.o
    0x08003a14   0x08003a14   0x00000034   Code   RO          387    i.task_Chsssis_Create  chassis_task.o
    0x08003a48   0x08003a48   0x00000034   Code   RO          683    i.task_control_Create  control_task.o
    0x08003a7c   0x08003a7c   0x00000054   Code   RO          684    i.top_Allstop       control_task.o
    0x08003ad0   0x08003ad0   0x000000e8   Code   RO          685    i.top_BehavState_Set  control_task.o
    0x08003bb8   0x08003bb8   0x000000d4   Code   RO          686    i.top_Init          control_task.o
    0x08003c8c   0x08003c8c   0x00000070   Code   RO          687    i.top_ModeSet       control_task.o
    0x08003cfc   0x08003cfc   0x0000005a   Code   RO          688    i.top_Output        control_task.o
    0x08003d56   0x08003d56   0x00000002   PAD
    0x08003d58   0x08003d58   0x0000009c   Code   RO          689    i.top_conTinue_fir  control_task.o
    0x08003df4   0x08003df4   0x000000b8   Code   RO          690    i.top_conTinue_sec  control_task.o
    0x08003eac   0x08003eac   0x00000078   Code   RO          691    i.top_move          control_task.o
    0x08003f24   0x08003f24   0x000000d0   Code   RO          692    i.top_oneByone_fir  control_task.o
    0x08003ff4   0x08003ff4   0x000000f0   Code   RO          693    i.top_oneByone_sec  control_task.o
    0x080040e4   0x080040e4   0x00000038   Code   RO          694    i.top_round1        control_task.o
    0x0800411c   0x0800411c   0x00000040   Code   RO          695    i.top_round2        control_task.o
    0x0800415c   0x0800415c   0x00000028   Code   RO         7030    i.uxListRemove      list.o
    0x08004184   0x08004184   0x0000001a   Code   RO         7031    i.vListInitialise   list.o
    0x0800419e   0x0800419e   0x00000006   Code   RO         7032    i.vListInitialiseItem  list.o
    0x080041a4   0x080041a4   0x00000034   Code   RO         7033    i.vListInsert       list.o
    0x080041d8   0x080041d8   0x00000018   Code   RO         7034    i.vListInsertEnd    list.o
    0x080041f0   0x080041f0   0x00000090   Code   RO         8197    i.vPortEnterCritical  port.o
    0x08004280   0x08004280   0x00000078   Code   RO         8198    i.vPortExitCritical  port.o
    0x080042f8   0x080042f8   0x000000c0   Code   RO         8281    i.vPortFree         heap_4.o
    0x080043b8   0x080043b8   0x00000020   Code   RO         8199    i.vPortSetupTimerInterrupt  port.o
    0x080043d8   0x080043d8   0x000000a8   Code   RO         8200    i.vPortValidateInterruptPriority  port.o
    0x08004480   0x08004480   0x0000002c   Code   RO         7088    i.vQueueAddToRegistry  queue.o
    0x080044ac   0x080044ac   0x0000004a   Code   RO         7092    i.vQueueWaitForMessageRestricted  queue.o
    0x080044f6   0x080044f6   0x00000002   PAD
    0x080044f8   0x080044f8   0x0000007c   Code   RO         7337    i.vTaskDelay        tasks.o
    0x08004574   0x08004574   0x00000114   Code   RO         7339    i.vTaskDelete       tasks.o
    0x08004688   0x08004688   0x0000000c   Code   RO         7343    i.vTaskMissedYield  tasks.o
    0x08004694   0x08004694   0x0000005c   Code   RO         7345    i.vTaskPlaceOnEventList  tasks.o
    0x080046f0   0x080046f0   0x00000064   Code   RO         7346    i.vTaskPlaceOnEventListRestricted  tasks.o
    0x08004754   0x08004754   0x000000b0   Code   RO         7348    i.vTaskPriorityInherit  tasks.o
    0x08004804   0x08004804   0x00000054   Code   RO         7352    i.vTaskSetTimeOutState  tasks.o
    0x08004858   0x08004858   0x000000b4   Code   RO         7353    i.vTaskStartScheduler  tasks.o
    0x0800490c   0x0800490c   0x00000010   Code   RO         7355    i.vTaskSuspendAll   tasks.o
    0x0800491c   0x0800491c   0x000000b0   Code   RO         7356    i.vTaskSwitchContext  tasks.o
    0x080049cc   0x080049cc   0x00000164   Code   RO         8201    i.xPortStartScheduler  port.o
    0x08004b30   0x08004b30   0x00000034   Code   RO         8202    i.xPortSysTickHandler  port.o
    0x08004b64   0x08004b64   0x0000007c   Code   RO         7097    i.xQueueGenericCreate  queue.o
    0x08004be0   0x08004be0   0x000001d0   Code   RO         7098    i.xQueueGenericReceive  queue.o
    0x08004db0   0x08004db0   0x000000b8   Code   RO         7099    i.xQueueGenericReset  queue.o
    0x08004e68   0x08004e68   0x000001cc   Code   RO         7100    i.xQueueGenericSend  queue.o
    0x08005034   0x08005034   0x00000118   Code   RO         7101    i.xQueueGenericSendFromISR  queue.o
    0x0800514c   0x0800514c   0x000000a8   Code   RO         7357    i.xTaskCheckForTimeOut  tasks.o
    0x080051f4   0x080051f4   0x00000060   Code   RO         7358    i.xTaskCreate       tasks.o
    0x08005254   0x08005254   0x00000020   Code   RO         7362    i.xTaskGetSchedulerState  tasks.o
    0x08005274   0x08005274   0x0000000c   Code   RO         7363    i.xTaskGetTickCount  tasks.o
    0x08005280   0x08005280   0x00000168   Code   RO         7365    i.xTaskIncrementTick  tasks.o
    0x080053e8   0x080053e8   0x000000e0   Code   RO         7368    i.xTaskPriorityDisinherit  tasks.o
    0x080054c8   0x080054c8   0x000000bc   Code   RO         7369    i.xTaskRemoveFromEventList  tasks.o
    0x08005584   0x08005584   0x00000128   Code   RO         7371    i.xTaskResumeAll    tasks.o
    0x080056ac   0x080056ac   0x00000078   Code   RO         7703    i.xTimerCreateTimerTask  timers.o
    0x08005724   0x08005724   0x000000a8   Code   RO         7704    i.xTimerGenericCommand  timers.o
    0x080057cc   0x080057cc   0x00000020   Data   RO         9301    Region$$Table       anon$$obj.o


    Execution Region RW_IRAM1 (Exec base: 0x20000000, Load base: 0x080057ec, Size: 0x00005e28, Max: 0x00020000, ABSOLUTE, COMPRESSED[0x00000030])

    Exec Addr    Load Addr    Size         Type   Attr      Idx    E Section Name        Object

    0x20000000   COMPRESSED   0x0000002c   Data   RW          389    .data               chassis_task.o
    0x2000002c   COMPRESSED   0x00000004   Data   RW          627    .data               start_task.o
    0x20000030   COMPRESSED   0x00000032   Data   RW          697    .data               control_task.o
    0x20000062   COMPRESSED   0x00000012   Data   RW          792    .data               remotecontrol.o
    0x20000074   COMPRESSED   0x00000001   Data   RW          886    .data               can_receive.o
    0x20000075   COMPRESSED   0x00000003   PAD
    0x20000078   COMPRESSED   0x0000000c   Data   RW         1051    .data               usart.o
    0x20000084   COMPRESSED   0x00000008   Data   RW         1136    .data               usart1.o
    0x2000008c   COMPRESSED   0x00000004   Data   RW         1207    .data               time7.o
    0x20000090   COMPRESSED   0x00000004   Data   RW         2020    .data               sys.o
    0x20000094   COMPRESSED   0x00000008   Data   RW         2058    .data               delay.o
    0x2000009c   COMPRESSED   0x00000014   Data   RW         2157    .data               system_stm32f4xx.o
    0x200000b0   COMPRESSED   0x00000010   Data   RW         4790    .data               stm32f4xx_rcc.o
    0x200000c0   COMPRESSED   0x0000003c   Data   RW         7374    .data               tasks.o
    0x200000fc   COMPRESSED   0x00000014   Data   RW         7712    .data               timers.o
    0x20000110   COMPRESSED   0x0000000c   Data   RW         8203    .data               port.o
    0x2000011c   COMPRESSED   0x00000018   Data   RW         8286    .data               heap_4.o
    0x20000134        -       0x000001d4   Zero   RW          176    .bss                detect_task.o
    0x20000308        -       0x000001cc   Zero   RW          388    .bss                chassis_task.o
    0x200004d4        -       0x000000c0   Zero   RW          696    .bss                control_task.o
    0x20000594        -       0x0000005e   Zero   RW          791    .bss                remotecontrol.o
    0x200005f2   COMPRESSED   0x00000002   PAD
    0x200005f4        -       0x000000b4   Zero   RW          885    .bss                can_receive.o
    0x200006a8        -       0x00000032   Zero   RW         1050    .bss                usart.o
    0x200006da   COMPRESSED   0x00000002   PAD
    0x200006dc        -       0x00000040   Zero   RW         7112    .bss                queue.o
    0x2000071c        -       0x000002e4   Zero   RW         7373    .bss                tasks.o
    0x20000a00        -       0x00000028   Zero   RW         7711    .bss                timers.o
    0x20000a28        -       0x00005000   Zero   RW         8285    .bss                heap_4.o
    0x20005a28        -       0x00000400   Zero   RW         2092    STACK               startup_stm32f40_41xxx.o


==============================================================================

Image component sizes


      Code (inc. data)   RO Data    RW Data    ZI Data      Debug   Object Name

       588         24          0          0          0       2162   can.o
      1022         76          0          1        180       7262   can_receive.o
      1290        122          0         44        460     259941   chassis_task.o
      1870        152          0         50        192      10765   control_task.o
       224         14          0          8          0       2262   delay.o
       292          4          0          0        468     263427   detect_task.o
         0          0          0          0          0       9524   event_groups.o
        60          6          0          0          0        626   gpio.o
       768        192          0         24      20480       4267   heap_4.o
         0          0          0          0          0       2456   imutask.o
       148          0          0          0          0       3518   list.o
        12          0          0          0          0     316111   main.o
       180         24          0          0          0       2269   misc.o
       592          8          0          0          0       2558   pid.o
      1222        436          0         12          0      11449   port.o
      2212        286          0          0         64      14161   queue.o
       324         18          0          0          0       1358   rc.o
       666         44          0         18         94      36104   remotecontrol.o
       156         26          0          4          0       2076   start_task.o
        36          8        392          0       1024        876   startup_stm32f40_41xxx.o
      1566         16          0          0          0       6850   stm32f4xx_can.o
       584         40          0          0          0       7192   stm32f4xx_dma.o
       230          0          0          0          0       3721   stm32f4xx_gpio.o
        20          0          0          0          0       3113   stm32f4xx_it.o
       392         48          0         16          0       6193   stm32f4xx_rcc.o
       220         28          0          0          0       4558   stm32f4xx_tim.o
       710         42          0          0          0       7256   stm32f4xx_usart.o
        28          6          0          4          0       2398   sys.o
       340         32          0         20          0       2009   system_stm32f4xx.o
      3510        982          0         60        740      31059   tasks.o
       132         14          0          4          0       1552   time7.o
      1330        332          0         20         40       9459   timers.o
       302         18          0         12         50       5450   usart.o
        72          8          0          8          0        880   usart1.o
       186         12          0          0          0       2167   user_lib.o

    ----------------------------------------------------------------------
     21318       3018        424        308      23796    1047029   Object Totals
         0          0         32          0          0          0   (incl. Generated)
        34          0          0          3          4          0   (incl. Padding)

    ----------------------------------------------------------------------

      Code (inc. data)   RO Data    RW Data    ZI Data      Debug   Library Member Name

        86          0          0          0          0          0   __dczerorl2.o
         0          0          0          0          0          0   entry.o
         0          0          0          0          0          0   entry10a.o
         0          0          0          0          0          0   entry11a.o
         4          0          0          0          0          0   entry12b.o
         8          4          0          0          0          0   entry2.o
         4          0          0          0          0          0   entry5.o
         0          0          0          0          0          0   entry7b.o
         0          0          0          0          0          0   entry8b.o
         8          4          0          0          0          0   entry9a.o
        30          0          0          0          0          0   handlers.o
        36          8          0          0          0         68   init.o
        36          0          0          0          0         68   memcpya.o
        36          0          0          0          0        108   memseta.o
       472         14          0          0          0        184   printf3.o
        44          0          0          0          0         80   uidiv.o

    ----------------------------------------------------------------------
       766         30          0          0          0        508   Library Totals
         2          0          0          0          0          0   (incl. Padding)

    ----------------------------------------------------------------------

      Code (inc. data)   RO Data    RW Data    ZI Data      Debug   Library Name

       764         30          0          0          0        508   mc_w.l

    ----------------------------------------------------------------------
       766         30          0          0          0        508   Library Totals

    ----------------------------------------------------------------------

==============================================================================


      Code (inc. data)   RO Data    RW Data    ZI Data      Debug   

     22084       3048        424        308      23796    1030265   Grand Totals
     22084       3048        424         48      23796    1030265   ELF Image Totals (compressed)
     22084       3048        424         48          0          0   ROM Totals

==============================================================================

    Total RO  Size (Code + RO Data)                22508 (  21.98kB)
    Total RW  Size (RW Data + ZI Data)             24104 (  23.54kB)
    Total ROM Size (Code + RO Data + RW Data)      22556 (  22.03kB)

==============================================================================

